{"t":"2018-05-30T12:00:00.000Z","level":"error","ns":"nlu","msg":"handler threw","transId":"boundary:external-disabled","error":"Cannot read property 'external' of null"}
{"t":"2018-05-30T12:00:00.000Z","level":"error","ns":"nlu","msg":"handler threw","transId":"boundary:body-null","error":"Unexpected token 'n', \"#\" is not valid JSON"}
{"t":"2018-05-30T12:00:00.000Z","level":"error","ns":"nlu","msg":"handler threw","transId":"boundary:missing-data","error":"Bad request: {}"}
{"t":"2018-05-30T12:00:00.000Z","level":"error","ns":"nlu","msg":"handler threw","transId":"boundary:text-number","error":"Bad request: {\"data\":{\"text\":12,\"rules\":[\"launch\"]}}"}
{"t":"2018-05-30T12:00:00.000Z","level":"error","ns":"chitchat-skill","msg":"skill handler threw","transId":"skill:chitchat-missing-memo","error":"Chitchat launched without required memo!"}
{"progress":100,"total":20534}
{"progress":200,"total":20534}
{"progress":300,"total":20534}
{"progress":400,"total":20534}
{"progress":500,"total":20534}
{"progress":600,"total":20534}
{"progress":700,"total":20534}
{"progress":800,"total":20534}
{"progress":900,"total":20534}
{"progress":1000,"total":20534}
{"progress":1100,"total":20534}
{"progress":1200,"total":20534}
{"progress":1300,"total":20534}
{"progress":1400,"total":20534}
{"progress":1500,"total":20534}
{"progress":1600,"total":20534}
{"progress":1700,"total":20534}
{"progress":1800,"total":20534}
{"progress":1900,"total":20534}
{"progress":2000,"total":20534}
{"progress":2100,"total":20534}
{"progress":2200,"total":20534}
{"progress":2300,"total":20534}
{"progress":2400,"total":20534}
{"progress":2500,"total":20534}
{"progress":2600,"total":20534}
{"progress":2700,"total":20534}
{"progress":2800,"total":20534}
{"progress":2900,"total":20534}
{"progress":3000,"total":20534}
{"progress":3100,"total":20534}
{"progress":3200,"total":20534}
{"progress":3300,"total":20534}
{"progress":3400,"total":20534}
{"progress":3500,"total":20534}
{"progress":3600,"total":20534}
{"progress":3700,"total":20534}
{"progress":3800,"total":20534}
{"progress":3900,"total":20534}
{"progress":4000,"total":20534}
{"progress":4100,"total":20534}
{"progress":4200,"total":20534}
{"progress":4300,"total":20534}
{"progress":4400,"total":20534}
{"progress":4500,"total":20534}
{"progress":4600,"total":20534}
{"progress":4700,"total":20534}
{"progress":4800,"total":20534}
{"progress":4900,"total":20534}
{"progress":5000,"total":20534}
{"progress":5100,"total":20534}
{"progress":5200,"total":20534}
{"progress":5300,"total":20534}
{"progress":5400,"total":20534}
{"progress":5500,"total":20534}
{"progress":5600,"total":20534}
{"progress":5700,"total":20534}
{"progress":5800,"total":20534}
{"progress":5900,"total":20534}
{"progress":6000,"total":20534}
{"progress":6100,"total":20534}
{"progress":6200,"total":20534}
{"progress":6300,"total":20534}
{"progress":6400,"total":20534}
{"progress":6500,"total":20534}
{"progress":6600,"total":20534}
{"progress":6700,"total":20534}
{"progress":6800,"total":20534}
{"progress":6900,"total":20534}
{"progress":7000,"total":20534}
{"progress":7100,"total":20534}
{"progress":7200,"total":20534}
{"progress":7300,"total":20534}
{"progress":7400,"total":20534}
{"progress":7500,"total":20534}
{"progress":7600,"total":20534}
{"progress":7700,"total":20534}
{"progress":7800,"total":20534}
{"progress":7900,"total":20534}
{"progress":8000,"total":20534}
{"progress":8100,"total":20534}
{"progress":8200,"total":20534}
{"progress":8300,"total":20534}
{"progress":8400,"total":20534}
{"progress":8500,"total":20534}
{"progress":8600,"total":20534}
{"progress":8700,"total":20534}
{"progress":8800,"total":20534}
{"progress":8900,"total":20534}
{"progress":9000,"total":20534}
{"progress":9100,"total":20534}
{"progress":9200,"total":20534}
{"progress":9300,"total":20534}
{"progress":9400,"total":20534}
{"progress":9500,"total":20534}
{"progress":9600,"total":20534}
{"progress":9700,"total":20534}
{"progress":9800,"total":20534}
{"progress":9900,"total":20534}
{"progress":10000,"total":20534}
{"progress":10100,"total":20534}
{"progress":10200,"total":20534}
{"progress":10300,"total":20534}
{"progress":10400,"total":20534}
{"progress":10500,"total":20534}
{"progress":10600,"total":20534}
{"progress":10700,"total":20534}
{"progress":10800,"total":20534}
{"progress":10900,"total":20534}
{"progress":11000,"total":20534}
{"progress":11100,"total":20534}
{"progress":11200,"total":20534}
{"progress":11300,"total":20534}
{"progress":11400,"total":20534}
{"progress":11500,"total":20534}
{"progress":11600,"total":20534}
{"progress":11700,"total":20534}
{"progress":11800,"total":20534}
{"progress":11900,"total":20534}
{"progress":12000,"total":20534}
{"progress":12100,"total":20534}
{"progress":12200,"total":20534}
{"progress":12300,"total":20534}
{"progress":12400,"total":20534}
{"progress":12500,"total":20534}
{"progress":12600,"total":20534}
{"progress":12700,"total":20534}
{"progress":12800,"total":20534}
{"progress":12900,"total":20534}
{"progress":13000,"total":20534}
{"progress":13100,"total":20534}
{"progress":13200,"total":20534}
{"progress":13300,"total":20534}
{"progress":13400,"total":20534}
{"progress":13500,"total":20534}
{"progress":13600,"total":20534}
{"progress":13700,"total":20534}
{"progress":13800,"total":20534}
{"progress":13900,"total":20534}
{"progress":14000,"total":20534}
{"progress":14100,"total":20534}
{"progress":14200,"total":20534}
{"progress":14300,"total":20534}
{"progress":14400,"total":20534}
{"progress":14500,"total":20534}
{"progress":14600,"total":20534}
{"progress":14700,"total":20534}
{"progress":14800,"total":20534}
{"progress":14900,"total":20534}
{"progress":15000,"total":20534}
{"progress":15100,"total":20534}
{"progress":15200,"total":20534}
{"progress":15300,"total":20534}
{"progress":15400,"total":20534}
{"progress":15500,"total":20534}
{"progress":15600,"total":20534}
{"progress":15700,"total":20534}
{"progress":15800,"total":20534}
{"progress":15900,"total":20534}
{"progress":16000,"total":20534}
{"progress":16100,"total":20534}
{"progress":16200,"total":20534}
{"progress":16300,"total":20534}
{"progress":16400,"total":20534}
{"progress":16500,"total":20534}
{"progress":16600,"total":20534}
{"progress":16700,"total":20534}
{"progress":16800,"total":20534}
{"progress":16900,"total":20534}
{"progress":17000,"total":20534}
{"progress":17100,"total":20534}
{"progress":17200,"total":20534}
{"progress":17300,"total":20534}
{"progress":17400,"total":20534}
{"progress":17500,"total":20534}
{"progress":17600,"total":20534}
{"progress":17700,"total":20534}
{"progress":17800,"total":20534}
{"progress":17900,"total":20534}
{"progress":18000,"total":20534}
{"progress":18100,"total":20534}
{"progress":18200,"total":20534}
{"progress":18300,"total":20534}
{"progress":18400,"total":20534}
{"progress":18500,"total":20534}
{"progress":18600,"total":20534}
{"progress":18700,"total":20534}
{"progress":18800,"total":20534}
{"progress":18900,"total":20534}
{"progress":19000,"total":20534}
{"progress":19100,"total":20534}
{"progress":19200,"total":20534}
{"progress":19300,"total":20534}
{"progress":19400,"total":20534}
{"progress":19500,"total":20534}
{"progress":19600,"total":20534}
{"progress":19700,"total":20534}
{"progress":19800,"total":20534}
{"progress":19900,"total":20534}
{"progress":20000,"total":20534}
{"progress":20100,"total":20534}
{"progress":20200,"total":20534}
{"progress":20300,"total":20534}
{"progress":20400,"total":20534}
{"progress":20500,"total":20534}
{"complete":true,"cases":20534,"failures":0}
