TAP version 13
# Subtest: signed CreateHubToken issues the source account claim object over Account JSON
ok 1 - signed CreateHubToken issues the source account claim object over Account JSON
  ---
  duration_ms: 113.326732
  type: 'test'
  ...
# Subtest: Classic forwards the exact signed body and auth headers to Account
ok 2 - Classic forwards the exact signed body and auth headers to Account
  ---
  duration_ms: 31.592649
  type: 'test'
  ...
# Subtest: CreateHubToken uses null for an omitted payload and exact source 422 validation
ok 3 - CreateHubToken uses null for an omitted payload and exact source 422 validation
  ---
  duration_ms: 46.313046
  type: 'test'
  ...
# Subtest: direct Account and Classic match Hapi for top-level, missing, and payload validation
ok 4 - direct Account and Classic match Hapi for top-level, missing, and payload validation
  ---
  duration_ms: 196.243437
  type: 'test'
  ...
# Subtest: authentication errors precede Hapi payload validation
ok 5 - authentication errors precede Hapi payload validation
  ---
  duration_ms: 17.019387
  type: 'test'
  ...
# Subtest: body and signed target changes are rejected after the Classic boundary
ok 6 - body and signed target changes are rejected after the Classic boundary
  ---
  duration_ms: 24.809236
  type: 'test'
  ...
# Subtest: Classic rejects signed compressed entities before forwarding inflated bytes
ok 7 - Classic rejects signed compressed entities before forwarding inflated bytes
  ---
  duration_ms: 15.443901
  type: 'test'
  ...
# Subtest: unknown, inactive, and stale credentials retain source error categories
ok 8 - unknown, inactive, and stale credentials retain source error categories
  ---
  duration_ms: 16.098361
  type: 'test'
  ...
# Subtest: Hapi validation preserves Connection close through Account and Classic
ok 9 - Hapi validation preserves Connection close through Account and Classic
  ---
  duration_ms: 31.358634
  type: 'test'
  ...
# Subtest: POST /api/token: valid AWS keys -> signed 3h hub token with the right claims, no secret
ok 10 - POST /api/token: valid AWS keys -> signed 3h hub token with the right claims, no secret
  ---
  duration_ms: 959.922813
  type: 'test'
  ...
# Subtest: POST /api/token: wrong secret 401, unknown key 401
ok 11 - POST /api/token: wrong secret 401, unknown key 401
  ---
  duration_ms: 9.486986
  type: 'test'
  ...
# Subtest: GET /api/verify: valid key -> identity (no secret); unknown -> {valid:false}
ok 12 - GET /api/verify: valid key -> identity (no secret); unknown -> {valid:false}
  ---
  duration_ms: 8.295738
  type: 'test'
  ...
# Subtest: the issued hub token is rejected by jwt.verify once expired
ok 13 - the issued hub token is rejected by jwt.verify once expired
  ---
  duration_ms: 1.420604
  type: 'test'
  ...
# Subtest: fillAccessKeys: 20/40 alnum (reference account.ts shape)
ok 14 - fillAccessKeys: 20/40 alnum (reference account.ts shape)
  ---
  duration_ms: 3.921055
  type: 'test'
  ...
# Subtest: scrypt password hashing round-trips and rejects wrong passwords
ok 15 - scrypt password hashing round-trips and rejects wrong passwords
  ---
  duration_ms: 116.248951
  type: 'test'
  ...
# Subtest: signup -> me -> logout -> me (session lifecycle over the wire)
ok 16 - signup -> me -> logout -> me (session lifecycle over the wire)
  ---
  duration_ms: 74.230626
  type: 'test'
  ...
# Subtest: login: wrong password 401, right password 200; duplicate signup 409
ok 17 - login: wrong password 401, right password 200; duplicate signup 409
  ---
  duration_ms: 78.592155
  type: 'test'
  ...
# Subtest: admin: login with .env password, list all robots, manual adopt returns credentials.json
ok 18 - admin: login with .env password, list all robots, manual adopt returns credentials.json
  ---
  duration_ms: 7306.322036
  type: 'test'
  ...
# Subtest: owner /api/robots: 401 anonymous; owner sees only their loops
ok 19 - owner /api/robots: 401 anonymous; owner sees only their loops
  ---
  duration_ms: 14.274042
  type: 'test'
  ...
# Subtest: store persists across instances (robot creds survive restart)
ok 20 - store persists across instances (robot creds survive restart)
  ---
  duration_ms: 2480.797263
  type: 'test'
  ...
# Subtest: setup tokens: 15-minute TTL; expiry rejects without deleting (reference findById)
ok 21 - setup tokens: 15-minute TTL; expiry rejects without deleting (reference findById)
  ---
  duration_ms: 492.463371
  type: 'test'
  ...
# Subtest: QR encodes+decodes (15 bytes)
ok 22 - QR encodes+decodes (15 bytes)
  ---
  duration_ms: 30.763686
  type: 'test'
  ...
# Subtest: QR encodes+decodes (30 bytes)
ok 23 - QR encodes+decodes (30 bytes)
  ---
  duration_ms: 20.395527
  type: 'test'
  ...
# Subtest: QR encodes+decodes (70 bytes)
ok 24 - QR encodes+decodes (70 bytes)
  ---
  duration_ms: 28.06539
  type: 'test'
  ...
# Subtest: QR encodes+decodes (28 bytes)
ok 25 - QR encodes+decodes (28 bytes)
  ---
  duration_ms: 8.181071
  type: 'test'
  ...
# Subtest: QR encodes+decodes (88 bytes)
ok 26 - QR encodes+decodes (88 bytes)
  ---
  duration_ms: 18.279105
  type: 'test'
  ...
# Subtest: qrSvg produces a valid square SVG with a quiet zone
ok 27 - qrSvg produces a valid square SVG with a quiet zone
  ---
  duration_ms: 2.041
  type: 'test'
  ...
# Subtest: QR payload: DHCP 3-line round-trip through the robot decoder
ok 28 - QR payload: DHCP 3-line round-trip through the robot decoder
  ---
  duration_ms: 2.982484
  type: 'test'
  ...
# Subtest: QR payload: static-IP 8-line round-trip
ok 29 - QR payload: static-IP 8-line round-trip
  ---
  duration_ms: 0.71171
  type: 'test'
  ...
# Subtest: QR payload: long token splits into multiple ordered frames; out-of-order reassembles
ok 30 - QR payload: long token splits into multiple ordered frames; out-of-order reassembles
  ---
  duration_ms: 0.22715
  type: 'test'
  ...
# Subtest: XOR is symmetric with the exact config.bt key
ok 31 - XOR is symmetric with the exact config.bt key
  ---
  duration_ms: 0.195241
  type: 'test'
  ...
# Subtest: end-to-end: signup -> setup QR -> robot redeems -> status flips -> robot listed
ok 32 - end-to-end: signup -> setup QR -> robot redeems -> status flips -> robot listed
  ---
  duration_ms: 7561.703683
  type: 'test'
  ...
# Subtest: setupRobot: portal-minted token -> credentials, one-time, robot adopted into a loop
ok 33 - setupRobot: portal-minted token -> credentials, one-time, robot adopted into a loop
  ---
  duration_ms: 7689.023429
  type: 'test'
  ...
# Subtest: setupRobot errors: expired token 401 TOKEN_EXPIRED (not deleted), unknown 404
ok 34 - setupRobot errors: expired token 401 TOKEN_EXPIRED (not deleted), unknown 404
  ---
  duration_ms: 722.843959
  type: 'test'
  ...
# Subtest: prefix tolerance: any prefix routes by operation name; unknown op is 400
ok 35 - prefix tolerance: any prefix routes by operation name; unknown op is 400
  ---
  duration_ms: 861.831422
  type: 'test'
  ...
# Subtest: getStatus flips to complete once the token is consumed (or invalid)
ok 36 - getStatus flips to complete once the token is consumed (or invalid)
  ---
  duration_ms: 374.941527
  type: 'test'
  ...
# Subtest: prepareRobot: authed by SigV4 Credential accessKeyId; reuses the live token
ok 37 - prepareRobot: authed by SigV4 Credential accessKeyId; reuses the live token
  ---
  duration_ms: 32.018685
  type: 'test'
  ...
# Subtest: Update_* targets proxy through to the OTA service untouched
ok 38 - Update_* targets proxy through to the OTA service untouched
  ---
  duration_ms: 15.150265
  type: 'test'
  ...
# Subtest: Loop.List: robot creds -> its one loop with `id` (what jibo-system-backup.js reads)
ok 39 - Loop.List: robot creds -> its one loop with `id` (what jibo-system-backup.js reads)
  ---
  duration_ms: 222.710607
  type: 'test'
  ...
# Subtest: AWS-JSON GetSettings: default report-skill data shape the report-skill expects
ok 40 - AWS-JSON GetSettings: default report-skill data shape the report-skill expects
  ---
  duration_ms: 60.19173
  type: 'test'
  ...
# Subtest: portal settings editor: GET defaults, PUT toggles, GET reflects
ok 41 - portal settings editor: GET defaults, PUT toggles, GET reflects
  ---
  duration_ms: 2255.288552
  type: 'test'
  ...
# Subtest: END-TO-END: report-skill reads real prefs from the live settings service (no SettingsFailed)
ok 42 - END-TO-END: report-skill reads real prefs from the live settings service (no SettingsFailed)
  ---
  duration_ms: 1267.787621
  type: 'test'
  ...
# Subtest: backup new -> PUT blob -> list (etag matches) -> GET restores the bytes
ok 43 - backup new -> PUT blob -> list (etag matches) -> GET restores the bytes
  ---
  duration_ms: 150.826058
  type: 'test'
  ...
# Subtest: backup new requires a loopId; list of an unknown loop is empty (not an error)
ok 44 - backup new requires a loopId; list of an unknown loop is empty (not an error)
  ---
  duration_ms: 13.227058
  type: 'test'
  ...
# Subtest: backup blob endpoints reject path-traversal in loopId/key
ok 45 - backup blob endpoints reject path-traversal in loopId/key
  ---
  duration_ms: 10.199287
  type: 'test'
  ...
# Subtest: log PutEvents: 200 no-op, robot never gets a 500
ok 46 - log PutEvents: 200 no-op, robot never gets a 500
  ---
  duration_ms: 82.979824
  type: 'test'
  ...
# Subtest: log PutEventsAsync + PutAsrBinary return the upload-handshake shapes
ok 47 - log PutEventsAsync + PutAsrBinary return the upload-handshake shapes
  ---
  duration_ms: 19.094573
  type: 'test'
  ...
# Subtest: robot GetRobot / GetCalibrationData return valid empty records
ok 48 - robot GetRobot / GetCalibrationData return valid empty records
  ---
  duration_ms: 35.928659
  type: 'test'
  ...
# Subtest: robot GetFriendlyIds returns the requested count of 4-word names
ok 49 - robot GetFriendlyIds returns the requested count of 4-word names
  ---
  duration_ms: 19.810429
  type: 'test'
  ...
# Subtest: OOBE_* and Update_* proxy to their upstream services verbatim
ok 50 - OOBE_* and Update_* proxy to their upstream services verbatim
  ---
  duration_ms: 31.301797
  type: 'test'
  ...
# Subtest: proxy bounds upstream hangs and surfaces aborted upstream responses
ok 51 - proxy bounds upstream hangs and surfaces aborted upstream responses
  ---
  duration_ms: 192.757005
  type: 'test'
  ...
# Subtest: prefix tolerance: case-insensitive; unknown prefix -> UnknownOperationException
ok 52 - prefix tolerance: case-insensitive; unknown prefix -> UnknownOperationException
  ---
  duration_ms: 11.837984
  type: 'test'
  ...
# Subtest: OOBE prefix from the wire contract is OOBE_20161026 (G.2 matcher already covers it)
ok 53 - OOBE prefix from the wire contract is OOBE_20161026 (G.2 matcher already covers it)
  ---
  duration_ms: 0.452036
  type: 'test'
  ...
# Subtest: key: ShouldCreate -> CreateRequest -> Share -> GetRequest round-trip
ok 54 - key: ShouldCreate -> CreateRequest -> Share -> GetRequest round-trip
  ---
  duration_ms: 110.73117
  type: 'test'
  ...
# Subtest: key: Backup -> Restore by loop+passwordHash; missing -> 404
ok 55 - key: Backup -> Restore by loop+passwordHash; missing -> 404
  ---
  duration_ms: 34.860354
  type: 'test'
  ...
# Subtest: key: GetRequest unknown id -> 404
ok 56 - key: GetRequest unknown id -> 404
  ---
  duration_ms: 19.049607
  type: 'test'
  ...
# Subtest: push: CreateDevice / RemoveDevice return success (no-op delivery)
ok 57 - push: CreateDevice / RemoveDevice return success (no-op delivery)
  ---
  duration_ms: 71.251779
  type: 'test'
  ...
# Subtest: NewRobotToken issues a token; GetStatus is false until a socket connects
ok 58 - NewRobotToken issues a token; GetStatus is false until a socket connects
  ---
  duration_ms: 121.329724
  type: 'test'
  ...
# Subtest: live delivery: enqueue after connect -> the socket receives the notification
ok 59 - live delivery: enqueue after connect -> the socket receives the notification
  ---
  duration_ms: 35.532488
  type: 'test'
  ...
# Subtest: pending delivery: enqueue BEFORE connect -> delivered on connect
ok 60 - pending delivery: enqueue BEFORE connect -> delivered on connect
  ---
  duration_ms: 22.911259
  type: 'test'
  ...
# Subtest: socket rejects an unknown token
ok 61 - socket rejects an unknown token
  ---
  duration_ms: 8.156635
  type: 'test'
  ...
# Subtest: rom: SetupClient returns the cert-bundle shape
ok 62 - rom: SetupClient returns the cert-bundle shape
  ---
  duration_ms: 60.963924
  type: 'test'
  ...
# Subtest: media: Create returns a record; List/Get empty
ok 63 - media: Create returns a record; List/Get empty
  ---
  duration_ms: 12.777826
  type: 'test'
  ...
# Subtest: person: account properties round-trip in-memory
ok 64 - person: account properties round-trip in-memory
  ---
  duration_ms: 40.632167
  type: 'test'
  ...
# Subtest: ifttt / nlp / collision return their shapes
ok 65 - ifttt / nlp / collision return their shapes
  ---
  duration_ms: 71.780812
  type: 'test'
  ...
# Subtest: unknown op on a stub service -> ValidationException
ok 66 - unknown op on a stub service -> ValidationException
  ---
  duration_ms: 10.250875
  type: 'test'
  ...
# Subtest: net() prefixes http:// and reads NET_<name>
ok 67 - net() prefixes http:// and reads NET_<name>
  ---
  duration_ms: 1.52468
  type: 'test'
  ...
# Subtest: net() required-throws when unset and no default
ok 68 - net() required-throws when unset and no default
  ---
  duration_ms: 0.65382
  type: 'test'
  ...
# Subtest: etco() reads ETCO_<scope>_<key> and required-throws
ok 69 - etco() reads ETCO_<scope>_<key> and required-throws
  ---
  duration_ms: 0.308414
  type: 'test'
  ...
# Subtest: boolEnv coerces flag strings
ok 70 - boolEnv coerces flag strings
  ---
  duration_ms: 0.381874
  type: 'test'
  ...
# Subtest: sign/verify round-trips the payload and adds iat
ok 71 - sign/verify round-trips the payload and adds iat
  ---
  duration_ms: 3.187474
  type: 'test'
  ...
# Subtest: verify accepts each HMAC algorithm allowed by the pinned source defaults
ok 72 - verify accepts each HMAC algorithm allowed by the pinned source defaults
  ---
  duration_ms: 1.283994
  type: 'test'
  ...
# Subtest: verify rejects a wrong secret and a tampered payload
ok 73 - verify rejects a wrong secret and a tampered payload
  ---
  duration_ms: 1.573674
  type: 'test'
  ...
# Subtest: verify matches source errors for missing, malformed, algorithm, and signature cases
ok 74 - verify matches source errors for missing, malformed, algorithm, and signature cases
  ---
  duration_ms: 2.048674
  type: 'test'
  ...
# Subtest: verify parses JWT payloads before algorithm and signature checks
ok 75 - verify parses JWT payloads before algorithm and signature checks
  ---
  duration_ms: 1.259117
  type: 'test'
  ...
# Subtest: verify translates modern JSON diagnostics with source UTF-16 positions
ok 76 - verify translates modern JSON diagnostics with source UTF-16 positions
  ---
  duration_ms: 2.666736
  type: 'test'
  ...
# Subtest: verify compares canonical source signature text and decodes headers as binary
ok 77 - verify compares canonical source signature text and decodes headers as binary
  ---
  duration_ms: 2.984929
  type: 'test'
  ...
# Subtest: verify enforces exact exp boundaries without an implicit clock skew
ok 78 - verify enforces exact exp boundaries without an implicit clock skew
  ---
  duration_ms: 1.031486
  type: 'test'
  ...
# Subtest: verify enforces nbf boundaries and registered-claim types
ok 79 - verify enforces nbf boundaries and registered-claim types
  ---
  duration_ms: 0.972965
  type: 'test'
  ...
# Subtest: verify preserves source payload decoding for JWT primitives, objects, and null
ok 80 - verify preserves source payload decoding for JWT primitives, objects, and null
  ---
  duration_ms: 0.714014
  type: 'test'
  ...
# Subtest: common HTTP service preserves the reference JSON and error boundary contract
ok 81 - common HTTP service preserves the reference JSON and error boundary contract
  ---
  duration_ms: 229.866062
  type: 'test'
  ...
# Subtest: SigV4 matches the pinned AWS SDK 2.205.0 source signer fixture
ok 82 - SigV4 matches the pinned AWS SDK 2.205.0 source signer fixture
  ---
  duration_ms: 4.208168
  type: 'test'
  ...
# Subtest: SigV4 matches source canonical query, punctuation-header, and s3 path fixtures
ok 83 - SigV4 matches source canonical query, punctuation-header, and s3 path fixtures
  ---
  duration_ms: 1.527646
  type: 'test'
  ...
# Subtest: body and signed-header changes fail while an untrusted x-amz-credentials header cannot change identity
ok 84 - body and signed-header changes fail while an untrusted x-amz-credentials header cannot change identity
  ---
  duration_ms: 2.145937
  type: 'test'
  ...
# Subtest: key, account, algorithm, and date errors preserve security-gateway codes
ok 85 - key, account, algorithm, and date errors preserve security-gateway codes
  ---
  duration_ms: 2.675832
  type: 'test'
  ...
# Subtest: the source uses a strict greater-than 15-minute clock-skew boundary
ok 86 - the source uses a strict greater-than 15-minute clock-skew boundary
  ---
  duration_ms: 1.431083
  type: 'test'
  ...
# Subtest: an explicit x-amz-content-sha256 follows the native source signer path only when supplied
ok 87 - an explicit x-amz-content-sha256 follows the native source signer path only when supplied
  ---
  duration_ms: 0.868767
  type: 'test'
  ...
# Subtest: LISTEN request from the atlas validates
ok 88 - LISTEN request from the atlas validates
  ---
  duration_ms: 1.923356
  type: 'test'
  ...
# Subtest: CONTEXT requires general.accountID/robotID/lang
ok 89 - CONTEXT requires general.accountID/robotID/lang
  ---
  duration_ms: 0.639482
  type: 'test'
  ...
# Subtest: NLU response from the parser validates (intent may be null)
ok 90 - NLU response from the parser validates (intent may be null)
  ---
  duration_ms: 0.330116
  type: 'test'
  ...
# Subtest: SKILL_ACTION skill response validates
ok 91 - SKILL_ACTION skill response validates
  ---
  duration_ms: 0.301661
  type: 'test'
  ...
# Subtest: wrong discriminator is rejected
ok 92 - wrong discriminator is rejected
  ---
  duration_ms: 0.233233
  type: 'test'
  ...
# Subtest: envelope builders produce well-formed messages
ok 93 - envelope builders produce well-formed messages
  ---
  duration_ms: 0.927679
  type: 'test'
  ...
# Subtest: assertValid throws with readable errors
ok 94 - assertValid throws with readable errors
  ---
  duration_ms: 0.815076
  type: 'test'
  ...
# Subtest: timeouts match the reference state machine
ok 95 - timeouts match the reference state machine
  ---
  duration_ms: 0.209246
  type: 'test'
  ...
# Subtest: save requires fields + authCode/tokens
ok 96 - save requires fields + authCode/tokens
  ---
  duration_ms: 4.406235
  type: 'test'
  ...
# Subtest: testAuthCode bypass stores fake tokens; dup authCode -> DUPLICATE_KEY
ok 97 - testAuthCode bypass stores fake tokens; dup authCode -> DUPLICATE_KEY
  ---
  duration_ms: 1.547695
  type: 'test'
  ...
# Subtest: direct tokens path saves without OAuth exchange
ok 98 - direct tokens path saves without OAuth exchange
  ---
  duration_ms: 0.224497
  type: 'test'
  ...
# Subtest: deleteOther: a new report-skill calendar cred for the other service is removed (B3 fix)
ok 99 - deleteOther: a new report-skill calendar cred for the other service is removed (B3 fix)
  ---
  duration_ms: 0.512842
  type: 'test'
  ...
# Subtest: delete with wildcards removes matching creds
ok 100 - delete with wildcards removes matching creds
  ---
  duration_ms: 0.501
  type: 'test'
  ...
# Subtest: normalizeEvent: timed + all-day CalendarEvent shape
ok 101 - normalizeEvent: timed + all-day CalendarEvent shape
  ---
  duration_ms: 0.507392
  type: 'test'
  ...
# Subtest: POST/GET/DELETE /v1/credential
ok 102 - POST/GET/DELETE /v1/credential
  ---
  duration_ms: 132.364966
  type: 'test'
  ...
# Subtest: GET /v1/google_calendar -> {events:[CalendarEvent]} via stub provider
ok 103 - GET /v1/google_calendar -> {events:[CalendarEvent]} via stub provider
  ---
  duration_ms: 25.937927
  type: 'test'
  ...
# Subtest: calendar missing skillId -> 400
ok 104 - calendar missing skillId -> 400
  ---
  duration_ms: 5.435335
  type: 'test'
  ...
# Subtest: TTLCache: get/set + expiry
ok 105 - TTLCache: get/set + expiry
  ---
  duration_ms: 25.362785
  type: 'test'
  ...
# Subtest: validateWeather requires numeric lat/lon
ok 106 - validateWeather requires numeric lat/lon
  ---
  duration_ms: 0.921577
  type: 'test'
  ...
# Subtest: openMeteoToDarkSky maps to the Dark Sky shape; "today" = index 1 (past_days=1)
ok 107 - openMeteoToDarkSky maps to the Dark Sky shape; "today" = index 1 (past_days=1)
  ---
  duration_ms: 2.766645
  type: 'test'
  ...
# Subtest: weatherCodeToIcon mapping
ok 108 - weatherCodeToIcon mapping
  ---
  duration_ms: 0.367457
  type: 'test'
  ...
# Subtest: GET miss -> lassoDataFromRedis:false; second GET -> cache hit (no refetch)
ok 109 - GET miss -> lassoDataFromRedis:false; second GET -> cache hit (no refetch)
  ---
  duration_ms: 180.72778
  type: 'test'
  ...
# Subtest: HEAD prefetch warms the cache (empty 200), next GET is a hit
ok 110 - HEAD prefetch warms the cache (empty 200), next GET is a hit
  ---
  duration_ms: 124.723679
  type: 'test'
  ...
# Subtest: missing lat/lon -> 400
ok 111 - missing lat/lon -> 400
  ---
  duration_ms: 4.191667
  type: 'test'
  ...
# Subtest: validateMaps parses origin/destination JSON + validates mode
ok 112 - validateMaps parses origin/destination JSON + validates mode
  ---
  duration_ms: 5.598855
  type: 'test'
  ...
# Subtest: openRouteServiceToGoogleMaps maps duration/distance into the Maps shape
ok 113 - openRouteServiceToGoogleMaps maps duration/distance into the Maps shape
  ---
  duration_ms: 0.444783
  type: 'test'
  ...
# Subtest: no routes -> ZERO_RESULTS
ok 114 - no routes -> ZERO_RESULTS
  ---
  duration_ms: 0.191884
  type: 'test'
  ...
# Subtest: GET /v1/google_maps: envelope + cache
ok 115 - GET /v1/google_maps: envelope + cache
  ---
  duration_ms: 50.974906
  type: 'test'
  ...
# Subtest: bad mode -> 400
ok 116 - bad mode -> 400
  ---
  duration_ms: 17.478859
  type: 'test'
  ...
# Subtest: validateNews requires a known sourceID
ok 117 - validateNews requires a known sourceID
  ---
  duration_ms: 4.672017
  type: 'test'
  ...
# Subtest: parseRssItems extracts titles + CDATA descriptions, stripping tags
ok 118 - parseRssItems extracts titles + CDATA descriptions, stripping tags
  ---
  duration_ms: 2.482116
  type: 'test'
  ...
# Subtest: parseRssItems preserves provider image URL and dimensions across RSS image forms
ok 119 - parseRssItems preserves provider image URL and dimensions across RSS image forms
  ---
  duration_ms: 1.231174
  type: 'test'
  ...
# Subtest: parseRssItems preserves Atom enclosure dimensions and does not infer missing values
ok 120 - parseRssItems preserves Atom enclosure dimensions and does not infer missing values
  ---
  duration_ms: 0.838891
  type: 'test'
  ...
# Subtest: buildApFeedXml emits the AP feed shape (apcm:ExtendedHeadLine + summary)
ok 121 - buildApFeedXml emits the AP feed shape (apcm:ExtendedHeadLine + summary)
  ---
  duration_ms: 0.523794
  type: 'test'
  ...
# Subtest: buildApFeedXml does not invent a summary when the provider omits it
ok 122 - buildApFeedXml does not invent a summary when the provider omits it
  ---
  duration_ms: 0.40134
  type: 'test'
  ...
# Subtest: fetchNews emits the provider header and AP preview media slot without invented media
ok 123 - fetchNews emits the provider header and AP preview media slot without invented media
  ---
  duration_ms: 0.87011
  type: 'test'
  ...
# Subtest: fetchNews does not promote the first story to a synthetic header when feed title is absent
ok 124 - fetchNews does not promote the first story to a synthetic header when feed title is absent
  ---
  duration_ms: 0.555183
  type: 'test'
  ...
# Subtest: GET /v1/ap_news: envelope (miss->false, hit->true) with AP XML relayData
ok 125 - GET /v1/ap_news: envelope (miss->false, hit->true) with AP XML relayData
  ---
  duration_ms: 56.143334
  type: 'test'
  ...
# Subtest: bad sourceID -> 400
ok 126 - bad sourceID -> 400
  ---
  duration_ms: 8.778184
  type: 'test'
  ...
# Subtest: VAD: SOS after 150ms speech, EOS after 700ms silence, transcript via mock
ok 127 - VAD: SOS after 150ms speech, EOS after 700ms silence, transcript via mock
  ---
  duration_ms: 30.553879
  type: 'test'
  ...
# Subtest: VAD: stop() before SOS resolves start() with undefined
ok 128 - VAD: stop() before SOS resolves start() with undefined
  ---
  duration_ms: 0.445474
  type: 'test'
  ...
# Subtest: WAV header: 44-byte RIFF, 16kHz mono 16-bit
ok 129 - WAV header: 44-byte RIFF, 16kHz mono 16-bit
  ---
  duration_ms: 0.223794
  type: 'test'
  ...
# Subtest: LINEAR16 remains byte-for-byte PCM across odd network fragment boundaries
ok 130 - LINEAR16 remains byte-for-byte PCM across odd network fragment boundaries
  ---
  duration_ms: 5.834171
  type: 'test'
  ...
# Subtest: LINEAR16 rejects an odd final PCM byte instead of wrapping invalid WAV
ok 131 - LINEAR16 rejects an odd final PCM byte instead of wrapping invalid WAV
  ---
  duration_ms: 1.008302
  type: 'test'
  ...
# Subtest: LINEAR16 stop preserves an even final partial VAD window
ok 132 - LINEAR16 stop preserves an even final partial VAD window
  ---
  duration_ms: 4.087861
  type: 'test'
  ...
# Subtest: VAD and EOS are invariant across PCM chunk boundaries
ok 133 - VAD and EOS are invariant across PCM chunk boundaries
  ---
  duration_ms: 7.319448
  type: 'test'
  ...
# Subtest: encoded fixtures preserve VAD events and PCM cut across decoder chunking
not ok 134 - encoded fixtures preserve VAD events and PCM cut across decoder chunking
  ---
  duration_ms: 3007.542141
  type: 'test'
  location: '/home/shell/work/phoenix/packages/gateway/test/asr.test.js:229:1'
  failureType: 'testCodeFailure'
  error: 'timed out after 3000ms'
  code: 'ERR_TEST_FAILURE'
  stack: |-
    Timeout.<anonymous> (file:///home/shell/work/phoenix/packages/gateway/test/asr.test.js:65:43)
    listOnTimeout (node:internal/timers:588:17)
    process.processTimers (node:internal/timers:523:7)
  ...
# Subtest: max-buffer EOS cuts a large PCM chunk at the 30-second boundary
ok 135 - max-buffer EOS cuts a large PCM chunk at the 30-second boundary
  ---
  duration_ms: 30.25258
  type: 'test'
  ...
# Subtest: declared audio formats are validated before a provider session starts
ok 136 - declared audio formats are validated before a provider session starts
  ---
  duration_ms: 1.633616
  type: 'test'
  ...
# Subtest: bounded decoder queue rejects input without buffering a whole turn
ok 137 - bounded decoder queue rejects input without buffering a whole turn
  ---
  duration_ms: 4.243506
  type: 'test'
  ...
# Subtest: missing ffmpeg is an explicit runtime decoder error
ok 138 - missing ffmpeg is an explicit runtime decoder error
  ---
  duration_ms: 13.588203
  type: 'test'
  ...
# Subtest: decoder rejects empty or truncated FLAC streams at end-of-input
ok 139 - decoder rejects empty or truncated FLAC streams at end-of-input
  ---
  duration_ms: 38.103705
  type: 'test'
  ...
# Subtest: decoder finish followed by abort settles without a dangling OGG promise
ok 140 - decoder finish followed by abort settles without a dangling OGG promise
  ---
  duration_ms: 6.387962
  type: 'test'
  ...
# Subtest: OGG finish rejects a prefix that ffmpeg decodes without an EOS page
ok 141 - OGG finish rejects a prefix that ffmpeg decodes without an EOS page
  ---
  duration_ms: 8.921166
  type: 'test'
  ...
# Subtest: explicit OGG end-of-input accepts decoded audio before a missing EOS page
not ok 142 - explicit OGG end-of-input accepts decoded audio before a missing EOS page
  ---
  duration_ms: 3007.622015
  type: 'test'
  location: '/home/shell/work/phoenix/packages/gateway/test/asr.test.js:362:1'
  failureType: 'testCodeFailure'
  error: 'timed out after 3000ms'
  code: 'ERR_TEST_FAILURE'
  stack: |-
    Timeout.<anonymous> (file:///home/shell/work/phoenix/packages/gateway/test/asr.test.js:65:43)
    listOnTimeout (node:internal/timers:588:17)
    process.processTimers (node:internal/timers:523:7)
  ...
# Subtest: decoder bounds include an active FLAC frame and clean up on overflow
ok 143 - decoder bounds include an active FLAC frame and clean up on overflow
  ---
  duration_ms: 5.619274
  type: 'test'
  ...
# Subtest: decoder reports a missing process and clears its child without a pending finish
ok 144 - decoder reports a missing process and clears its child without a pending finish
  ---
  duration_ms: 11.637344
  type: 'test'
  ...
# Subtest: OGG decoder emits PCM before the paced source reaches EOF
not ok 145 - OGG decoder emits PCM before the paced source reaches EOF
  ---
  duration_ms: 3007.6762
  type: 'test'
  location: '/home/shell/work/phoenix/packages/gateway/test/asr.test.js:418:1'
  failureType: 'testCodeFailure'
  error: 'timed out after 3000ms'
  code: 'ERR_TEST_FAILURE'
  stack: |-
    Timeout._onTimeout (file:///home/shell/work/phoenix/packages/gateway/test/asr.test.js:65:43)
    listOnTimeout (node:internal/timers:588:17)
    process.processTimers (node:internal/timers:523:7)
  ...
# Subtest: FLAC decoder emits PCM before the paced source reaches EOF
ok 146 - FLAC decoder emits PCM before the paced source reaches EOF
  ---
  duration_ms: 188.128071
  type: 'test'
  ...
# Subtest: paced OGG input can reach SOS before the source reaches EOF
not ok 147 - paced OGG input can reach SOS before the source reaches EOF
  ---
  duration_ms: 3356.831502
  type: 'test'
  location: '/home/shell/work/phoenix/packages/gateway/test/asr.test.js:480:1'
  failureType: 'testCodeFailure'
  error: 'timed out after 3000ms'
  code: 'ERR_TEST_FAILURE'
  stack: |-
    Timeout._onTimeout (file:///home/shell/work/phoenix/packages/gateway/test/asr.test.js:65:43)
    listOnTimeout (node:internal/timers:588:17)
    process.processTimers (node:internal/timers:523:7)
  ...
# Subtest: paced FLAC input can reach SOS before the source reaches EOF
ok 148 - paced FLAC input can reach SOS before the source reaches EOF
  ---
  duration_ms: 409.298752
  type: 'test'
  ...
# Subtest: OGG_OPUS is decoded before VAD and WAV wrapping across fragmented frames
ok 149 - OGG_OPUS is decoded before VAD and WAV wrapping across fragmented frames
  ---
  duration_ms: 1690.25474
  type: 'test'
  ...
# Subtest: FLAC frames are decoded incrementally before VAD despite fragmented input
ok 150 - FLAC frames are decoded incrementally before VAD despite fragmented input
  ---
  duration_ms: 21.894272
  type: 'test'
  ...
# Subtest: FLAC decoded waveform matches the immutable lossless fixture
ok 151 - FLAC decoded waveform matches the immutable lossless fixture
  ---
  duration_ms: 10.583586
  type: 'test'
  ...
# Subtest: FLAC surfaces a native decoder error even when it decoded no PCM
ok 152 - FLAC surfaces a native decoder error even when it decoded no PCM
  ---
  duration_ms: 1.370207
  type: 'test'
  ...
# Subtest: FLAC rejects an oversized native chunk before allocating PCM
ok 153 - FLAC rejects an oversized native chunk before allocating PCM
  ---
  duration_ms: 0.504246
  type: 'test'
  ...
# Subtest: FLAC accepts every single-byte split across metadata and frame headers
ok 154 - FLAC accepts every single-byte split across metadata and frame headers
  ---
  duration_ms: 19.057362
  type: 'test'
  ...
# Subtest: malformed declared audio rejects the session with a decoder error
ok 155 - malformed declared audio rejects the session with a decoder error
  ---
  duration_ms: 2.529587
  type: 'test'
  ...
# Subtest: encoded session cancellation aborts decoder resources before SOS
ok 156 - encoded session cancellation aborts decoder resources before SOS
  ---
  duration_ms: 34.673191
  type: 'test'
  ...
# Subtest: encoded session cancellation after SOS closes decoder without waiting for encoded EOS
ok 157 - encoded session cancellation after SOS closes decoder without waiting for encoded EOS
  ---
  duration_ms: 21.467473
  type: 'test'
  ...
# Subtest: hints: $YESNO expands, unknown templates drop, global "jibo" appends, deduped
ok 158 - hints: $YESNO expands, unknown templates drop, global "jibo" appends, deduped
  ---
  duration_ms: 0.461636
  type: 'test'
  ...
# Subtest: factory: non-English languages throw (reference gate)
ok 159 - factory: non-English languages throw (reference gate)
  ---
  duration_ms: 0.243542
  type: 'test'
  ...
# Subtest: normalizeString: smart quotes/dashes -> ascii; non-strings -> ""
ok 160 - normalizeString: smart quotes/dashes -> ascii; non-strings -> ""
  ---
  duration_ms: 0.927508
  type: 'test'
  ...
# Subtest: packages/gateway/test/fixtures/asrEncoded.js
ok 23 - packages/gateway/test/fixtures/asrEncoded.js
  ---
  duration_ms: 83.065708
  type: 'test'
  ...
# Subtest: checkAuthentication matches the source bearer and jsonwebtoken matrix
ok 162 - checkAuthentication matches the source bearer and jsonwebtoken matrix
  ---
  duration_ms: 8.642394
  type: 'test'
  ...
# Subtest: upgrade rejection preserves status, source text, headers, and auth-before-path ordering
ok 163 - upgrade rejection preserves status, source text, headers, and auth-before-path ordering
  ---
  duration_ms: 64.620076
  type: 'test'
  ...
# Subtest: valid bearer upgrades known exact paths and disableAuth still checks path first
ok 164 - valid bearer upgrades known exact paths and disableAuth still checks path first
  ---
  duration_ms: 34.107185
  type: 'test'
  ...
# Subtest: verifyAgainstAccount: live account accepts
ok 165 - verifyAgainstAccount: live account accepts
  ---
  duration_ms: 71.898405
  type: 'test'
  ...
# Subtest: verifyAgainstAccount: revoked/unknown account rejects
ok 166 - verifyAgainstAccount: revoked/unknown account rejects
  ---
  duration_ms: 7.331561
  type: 'test'
  ...
# Subtest: verifyAgainstAccount: friendlyId mismatch rejects
ok 167 - verifyAgainstAccount: friendlyId mismatch rejects
  ---
  duration_ms: 5.405519
  type: 'test'
  ...
# Subtest: verifyAgainstAccount: token without an accessKeyId claim is allowed (sim creds)
ok 168 - verifyAgainstAccount: token without an accessKeyId claim is allowed (sim creds)
  ---
  duration_ms: 0.586883
  type: 'test'
  ...
# Subtest: verifyAgainstAccount: unreachable account fails closed
ok 169 - verifyAgainstAccount: unreachable account fails closed
  ---
  duration_ms: 1.071411
  type: 'test'
  ...
# Subtest: verifyClient: disableAuth bypasses auth entirely
ok 170 - verifyClient: disableAuth bypasses auth entirely
  ---
  duration_ms: 109.940682
  type: 'test'
  ...
# Subtest: verifyClient: shared-secret-only accepts any validly-signed token (no accountUrl)
ok 171 - verifyClient: shared-secret-only accepts any validly-signed token (no accountUrl)
  ---
  duration_ms: 101.410069
  type: 'test'
  ...
# Subtest: verifyClient: with accountUrl, live account accepts and revoked rejects
ok 172 - verifyClient: with accountUrl, live account accepts and revoked rejects
  ---
  duration_ms: 62.040205
  type: 'test'
  ...
# Subtest: routes a launch intent to its skill and carries memo
ok 173 - routes a launch intent to its skill and carries memo
  ---
  duration_ms: 1.726704
  type: 'test'
  ...
# Subtest: does NOT route without the launch rule (gotcha \#6)
ok 174 - does NOT route without the launch rule (gotcha \#6)
  ---
  duration_ms: 0.228774
  type: 'test'
  ...
# Subtest: does NOT route a null intent
ok 175 - does NOT route a null intent
  ---
  duration_ms: 0.158962
  type: 'test'
  ...
# Subtest: entity-constrained registration outweighs the bare one (weight 1 > 0)
ok 176 - entity-constrained registration outweighs the bare one (weight 1 > 0)
  ---
  duration_ms: 0.224615
  type: 'test'
  ...
# Subtest: falls back to the bare registration when entity does not match
ok 177 - falls back to the bare registration when entity does not match
  ---
  duration_ms: 0.175943
  type: 'test'
  ...
# Subtest: unknown intent returns null
ok 178 - unknown intent returns null
  ---
  duration_ms: 0.151757
  type: 'test'
  ...
# Subtest: launch-by-skill-entity: routes when grammar emits skill but no manifest intent
ok 179 - launch-by-skill-entity: routes when grammar emits skill but no manifest intent
  ---
  duration_ms: 0.150074
  type: 'test'
  ...
# Subtest: launch-by-skill-entity ignores an unknown skill id
ok 180 - launch-by-skill-entity ignores an unknown skill id
  ---
  duration_ms: 0.143641
  type: 'test'
  ...
# Subtest: CLIENT_ASR: full pipeline robot -> gateway -> nlu -> answer-skill
ok 181 - CLIENT_ASR: full pipeline robot -> gateway -> nlu -> answer-skill
  ---
  duration_ms: 10781.061508
  type: 'test'
  ...
# Subtest: CLIENT_NLU: skips ASR + parser, routes directly
ok 182 - CLIENT_NLU: skips ASR + parser, routes directly
  ---
  duration_ms: 26.344707
  type: 'test'
  ...
# Subtest: no NLU match -> final LISTEN with match:null, no skill call
ok 183 - no NLU match -> final LISTEN with match:null, no skill call
  ---
  duration_ms: 225.847576
  type: 'test'
  ...
# Subtest: bad JWT is rejected at the upgrade (HTTP 401, no socket)
ok 184 - bad JWT is rejected at the upgrade (HTTP 401, no socket)
  ---
  duration_ms: 6.401236
  type: 'test'
  ...
# Subtest: CONTEXT defaults come from authenticated identity and loop names are trimmed
ok 185 - CONTEXT defaults come from authenticated identity and loop names are trimmed
  ---
  duration_ms: 1.465539
  type: 'test'
  ...
# Subtest: CONTEXT general overrides are preserved before identity validation
ok 186 - CONTEXT general overrides are preserved before identity validation
  ---
  duration_ms: 0.218974
  type: 'test'
  ...
# Subtest: CONTEXT rejects conflicting and explicitly missing identity fields
ok 187 - CONTEXT rejects conflicting and explicitly missing identity fields
  ---
  duration_ms: 0.642648
  type: 'test'
  ...
# Subtest: malformed CONTEXTs preserve source property and iteration errors
ok 188 - malformed CONTEXTs preserve source property and iteration errors
  ---
  duration_ms: 2.637571
  type: 'test'
  ...
# Subtest: disabled-auth CONTEXT does not invent an anonymous identity
ok 189 - disabled-auth CONTEXT does not invent an anonymous identity
  ---
  duration_ms: 0.441056
  type: 'test'
  ...
# Subtest: validateContextMessage keeps the source minimal checks
ok 190 - validateContextMessage keeps the source minimal checks
  ---
  duration_ms: 0.26911
  type: 'test'
  ...
# Subtest: all three frozen corpora retain their original occurrence and conditional denominators
ok 191 - all three frozen corpora retain their original occurrence and conditional denominators
  ---
  duration_ms: 240.396188
  type: 'test'
  ...
# Subtest: missing intent is an absent expectation, including the archived hub-client MIM cases
ok 192 - missing intent is an absent expectation, including the archived hub-client MIM cases
  ---
  duration_ms: 135.616741
  type: 'test'
  ...
# Subtest: duplicate commands and conditional values remain independent fixture instances
ok 193 - duplicate commands and conditional values remain independent fixture instances
  ---
  duration_ms: 0.665792
  type: 'test'
  ...
# Subtest: changed corpus bytes and invalid input shapes cannot enter a grade silently
ok 194 - changed corpus bytes and invalid input shapes cannot enter a grade silently
  ---
  duration_ms: 0.855582
  type: 'test'
  ...
# Subtest: normalization preserves complete sessions, identifiers and timing fields
ok 195 - normalization preserves complete sessions, identifiers and timing fields
  ---
  duration_ms: 3.18027
  type: 'test'
  ...
# Subtest: stream comparison does not silently erase identifiers and timestamps
ok 196 - stream comparison does not silently erase identifiers and timestamps
  ---
  duration_ms: 0.984747
  type: 'test'
  ...
# Subtest: D1 catches a wrong message-type sequence
ok 197 - D1 catches a wrong message-type sequence
  ---
  duration_ms: 0.412562
  type: 'test'
  ...
# Subtest: D2 catches a payload divergence (different intent)
ok 198 - D2 catches a payload divergence (different intent)
  ---
  duration_ms: 0.290681
  type: 'test'
  ...
# Subtest: stream comparison preserves port numbers unless a trace policy explicitly binds an endpoint
ok 199 - stream comparison preserves port numbers unless a trace policy explicitly binds an endpoint
  ---
  duration_ms: 0.351185
  type: 'test'
  ...
# Subtest: JSON object key order is insignificant; missing fields are significant
ok 200 - JSON object key order is insignificant; missing fields are significant
  ---
  duration_ms: 0.314386
  type: 'test'
  ...
# Subtest: original execution fixture is intact and satisfies independent invariants
ok 201 - original execution fixture is intact and satisfies independent invariants
  ---
  duration_ms: 57.816046
  type: 'test'
  ...
# Subtest: gate rejects HTTP status
ok 202 - gate rejects HTTP status
  ---
  duration_ms: 49.894376
  type: 'test'
  ...
# Subtest: gate rejects content type
ok 203 - gate rejects content type
  ---
  duration_ms: 36.573891
  type: 'test'
  ...
# Subtest: gate rejects HTTP clock
ok 204 - gate rejects HTTP clock
  ---
  duration_ms: 33.572822
  type: 'test'
  ...
# Subtest: gate rejects null versus empty object
ok 205 - gate rejects null versus empty object
  ---
  duration_ms: 42.181454
  type: 'test'
  ...
# Subtest: gate rejects field absence
ok 206 - gate rejects field absence
  ---
  duration_ms: 39.969009
  type: 'test'
  ...
# Subtest: gate rejects intent
ok 207 - gate rejects intent
  ---
  duration_ms: 27.582584
  type: 'test'
  ...
# Subtest: gate rejects entities
ok 208 - gate rejects entities
  ---
  duration_ms: 27.434494
  type: 'test'
  ...
# Subtest: gate rejects winning rules
ok 209 - gate rejects winning rules
  ---
  duration_ms: 30.072395
  type: 'test'
  ...
# Subtest: gate rejects memo
ok 210 - gate rejects memo
  ---
  duration_ms: 38.460238
  type: 'test'
  ...
# Subtest: gate rejects ESML
ok 211 - gate rejects ESML
  ---
  duration_ms: 34.434887
  type: 'test'
  ...
# Subtest: gate rejects JCP
ok 212 - gate rejects JCP
  ---
  duration_ms: 38.002902
  type: 'test'
  ...
# Subtest: gate rejects analytics
ok 213 - gate rejects analytics
  ---
  duration_ms: 36.024601
  type: 'test'
  ...
# Subtest: gate rejects opaque session contents
ok 214 - gate rejects opaque session contents
  ---
  duration_ms: 39.726419
  type: 'test'
  ...
# Subtest: gate rejects continuation forwarding
ok 215 - gate rejects continuation forwarding
  ---
  duration_ms: 35.621947
  type: 'test'
  ...
# Subtest: gate rejects timing sentinel
ok 216 - gate rejects timing sentinel
  ---
  duration_ms: 30.977021
  type: 'test'
  ...
# Subtest: gate rejects missing timing
ok 217 - gate rejects missing timing
  ---
  duration_ms: 25.255694
  type: 'test'
  ...
# Subtest: gate rejects frame order
ok 218 - gate rejects frame order
  ---
  duration_ms: 34.358381
  type: 'test'
  ...
# Subtest: gate rejects duplicate terminal
ok 219 - gate rejects duplicate terminal
  ---
  duration_ms: 34.514869
  type: 'test'
  ...
# Subtest: gate rejects wall-time bound
ok 220 - gate rejects wall-time bound
  ---
  duration_ms: 40.268737
  type: 'test'
  ...
# Subtest: gate rejects close behavior
ok 221 - gate rejects close behavior
  ---
  duration_ms: 30.367906
  type: 'test'
  ...
# Subtest: gate rejects dropped side effect
ok 222 - gate rejects dropped side effect
  ---
  duration_ms: 25.019094
  type: 'test'
  ...
# Subtest: gate rejects fixture substitution
ok 223 - gate rejects fixture substitution
  ---
  duration_ms: 27.236368
  type: 'test'
  ...
# Subtest: gate rejects case omission
ok 224 - gate rejects case omission
  ---
  duration_ms: 23.794182
  type: 'test'
  ...
# Subtest: generated identifier bindings are bijective even if a reused ID equals the reference literal
ok 225 - generated identifier bindings are bijective even if a reused ID equals the reference literal
  ---
  duration_ms: 35.511088
  type: 'test'
  ...
# Subtest: fresh generated identifiers may differ while relationships remain intact
ok 226 - fresh generated identifiers may differ while relationships remain intact
  ---
  duration_ms: 53.71455
  type: 'test'
  ...
# Subtest: only declared fixture endpoint paths may change ports
ok 227 - only declared fixture endpoint paths may change ports
  ---
  duration_ms: 42.952104
  type: 'test'
  ...
# Subtest: raw bytes and derived ETags are independently checked
ok 228 - raw bytes and derived ETags are independently checked
  ---
  duration_ms: 31.157894
  type: 'test'
  ...
# Subtest: CLI exits nonzero for a corrupted session and retains a diff report
ok 229 - CLI exits nonzero for a corrupted session and retains a diff report
  ---
  duration_ms: 148.122823
  type: 'test'
  ...
# Subtest: clock fixture freezes automatic HTTP dates while preserving explicit headers and suppression
ok 230 - clock fixture freezes automatic HTTP dates while preserving explicit headers and suppression
  ---
  duration_ms: 144.49712
  type: 'test'
  ...
# Subtest: production goldens retain reviewed source hashes and agree across two original runtime captures
ok 231 - production goldens retain reviewed source hashes and agree across two original runtime captures
  ---
  duration_ms: 98.986894
  type: 'test'
  ...
# Subtest: complete report corpus control retains its uncovered external action and cannot become a passing gate
ok 232 - complete report corpus control retains its uncovered external action and cannot become a passing gate
  ---
  duration_ms: 978.517494
  type: 'test'
  ...
# Subtest: complete fixture generation retains all corpus occurrences and conditional variants
ok 233 - complete fixture generation retains all corpus occurrences and conditional variants
  ---
  duration_ms: 237.299727
  type: 'test'
  ...
# Subtest: production grade rejects changed entities, winning rules and null-versus-empty no-match results
ok 234 - production grade rejects changed entities, winning rules and null-versus-empty no-match results
  ---
  duration_ms: 234.789247
  type: 'test'
  ...
# Subtest: production grade rejects incomplete parser requests and changed routing memo types
ok 235 - production grade rejects incomplete parser requests and changed routing memo types
  ---
  duration_ms: 110.659875
  type: 'test'
  ...
# Subtest: production requests use the real builder and retain dialog-reference injection as a compared output
ok 236 - production requests use the real builder and retain dialog-reference injection as a compared output
  ---
  duration_ms: 110.269726
  type: 'test'
  ...
# Subtest: production grade retains action ESML, display IDs, analytics and complete continuation state
ok 237 - production grade retains action ESML, display IDs, analytics and complete continuation state
  ---
  duration_ms: 217.386653
  type: 'test'
  ...
# Subtest: production grade independently rejects incomplete captures, bad bytes, timestamps and generated IDs
ok 238 - production grade independently rejects incomplete captures, bad bytes, timestamps and generated IDs
  ---
  duration_ms: 425.988
  type: 'test'
  ...
# Subtest: production compare CLI exits zero for the original control and nonzero for a behavioral mismatch
ok 239 - production compare CLI exits zero for the original control and nonzero for a behavioral mismatch
  ---
  duration_ms: 2594.863107
  type: 'test'
  ...
# Subtest: example-skill: full conversation walk over the wire
ok 240 - example-skill: full conversation walk over the wire
  ---
  duration_ms: 52.473146
  type: 'test'
  ...
# Subtest: report-skill: Jetsons speaker -> full report degradation MAN; no speaker -> WhoIsThis
ok 241 - report-skill: Jetsons speaker -> full report degradation MAN; no speaker -> WhoIsThis
  ---
  duration_ms: 33.794322
  type: 'test'
  ...
# Subtest: chitchat-skill: memo-driven MIM over the wire; missing memo is an ERROR envelope
ok 242 - chitchat-skill: memo-driven MIM over the wire; missing memo is an ERROR envelope
  ---
  duration_ms: 458.882777
  type: 'test'
  ...
# Subtest: template-skill: memo gate over the wire
ok 243 - template-skill: memo gate over the wire
  ---
  duration_ms: 8.327458
  type: 'test'
  ...
# Subtest: speaker override fixture: explicit speaker id flows into perception
ok 244 - speaker override fixture: explicit speaker id flows into perception
  ---
  duration_ms: 5.954941
  type: 'test'
  ...
# Subtest: write returns an id and getLatest finds it
ok 245 - write returns an id and getLatest finds it
  ---
  duration_ms: 1.582811
  type: 'test'
  ...
# Subtest: no match returns null (not an error)
ok 246 - no match returns null (not an error)
  ---
  duration_ms: 0.164451
  type: 'test'
  ...
# Subtest: getLatest breaks timestamp ties by insertion order (newest wins)
ok 247 - getLatest breaks timestamp ties by insertion order (newest wins)
  ---
  duration_ms: 1.025945
  type: 'test'
  ...
# Subtest: robotID is required
ok 248 - robotID is required
  ---
  duration_ms: 0.343942
  type: 'test'
  ...
# Subtest: count + personID ($in personIDs) + intent filtering
ok 249 - count + personID ($in personIDs) + intent filtering
  ---
  duration_ms: 0.30053
  type: 'test'
  ...
# Subtest: payload EXACT requires all keys AND exact key count (payloadSize)
ok 250 - payload EXACT requires all keys AND exact key count (payloadSize)
  ---
  duration_ms: 0.362607
  type: 'test'
  ...
# Subtest: payload CONTAINS_ALL matches a subset; NOT_CONTAIN excludes
ok 251 - payload CONTAINS_ALL matches a subset; NOT_CONTAIN excludes
  ---
  duration_ms: 0.281705
  type: 'test'
  ...
# Subtest: field rule NOT + time window
ok 252 - field rule NOT + time window
  ---
  duration_ms: 0.312011
  type: 'test'
  ...
# Subtest: notSessionID excludes the in-progress session
ok 253 - notSessionID excludes the in-progress session
  ---
  duration_ms: 0.36391
  type: 'test'
  ...
# Subtest: saveSkillPayload attaches payload to the matching launch
ok 254 - saveSkillPayload attaches payload to the matching launch
  ---
  duration_ms: 0.419415
  type: 'test'
  ...
# Subtest: speech updates are partial (non-erasing)
ok 255 - speech updates are partial (non-erasing)
  ---
  duration_ms: 0.218123
  type: 'test'
  ...
# Subtest: native character-class optional scope: [me?et]
ok 256 - native character-class optional scope: [me?et]
  ---
  duration_ms: 1.808639
  type: 'test'
  ...
# Subtest: native character-class optional scope: [cat?s]
ok 257 - native character-class optional scope: [cat?s]
  ---
  duration_ms: 0.237861
  type: 'test'
  ...
# Subtest: native character-class optional scope: [ab?cd]
ok 258 - native character-class optional scope: [ab?cd]
  ---
  duration_ms: 0.170071
  type: 'test'
  ...
# Subtest: native character-class optional scope: [ab?cde]
ok 259 - native character-class optional scope: [ab?cde]
  ---
  duration_ms: 0.251136
  type: 'test'
  ...
# Subtest: native character-class optional scope: [ab?(cd)e]
ok 260 - native character-class optional scope: [ab?(cd)e]
  ---
  duration_ms: 0.172257
  type: 'test'
  ...
# Subtest: native character-class optional scope: [ab?(c|d)e]
ok 261 - native character-class optional scope: [ab?(c|d)e]
  ---
  duration_ms: 0.170684
  type: 'test'
  ...
# Subtest: native character-class optional scope: [ab?éd]
ok 262 - native character-class optional scope: [ab?éd]
  ---
  duration_ms: 0.170012
  type: 'test'
  ...
# Subtest: native character-class optional scope: [ab?😀d]
ok 263 - native character-class optional scope: [ab?😀d]
  ---
  duration_ms: 0.24777
  type: 'test'
  ...
# Subtest: eqEquals: members of a set are equal, non-members are not
ok 264 - eqEquals: members of a set are equal, non-members are not
  ---
  duration_ms: 18.117479
  type: 'test'
  ...
# Subtest: fullParse: ASR homophone confusion still parses ("set a timer for too minutes")
ok 265 - fullParse: ASR homophone confusion still parses ("set a timer for too minutes")
  ---
  duration_ms: 936.302599
  type: 'test'
  ...
# Subtest: fullParse: chitchat personality/command intents that used to no-match
ok 266 - fullParse: chitchat personality/command intents that used to no-match
  ---
  duration_ms: 1139.551789
  type: 'test'
  ...
# Subtest: fullParse: smart-home routes to @be/hue-control
ok 267 - fullParse: smart-home routes to @be/hue-control
  ---
  duration_ms: 181.593141
  type: 'test'
  ...
# Subtest: fullParse: priority arbitration drops LOW catch-alls for HIGH intents
ok 268 - fullParse: priority arbitration drops LOW catch-alls for HIGH intents
  ---
  duration_ms: 212.64777
  type: 'test'
  ...
# Subtest: full pipeline: new long-tail intents now resolve
ok 269 - full pipeline: new long-tail intents now resolve
  ---
  duration_ms: 385.672084
  type: 'test'
  ...
# Subtest: full pipeline: existing question routing is unchanged (fallback only adds)
ok 270 - full pipeline: existing question routing is unchanged (fallback only adds)
  ---
  duration_ms: 242.382524
  type: 'test'
  ...
# Subtest: fullParse: pure garbage still returns null
ok 271 - fullParse: pure garbage still returns null
  ---
  duration_ms: 130.107646
  type: 'test'
  ...
# Subtest: who-question -> generalWhoQuestions with person entity, launch rule
ok 272 - who-question -> generalWhoQuestions with person entity, launch rule
  ---
  duration_ms: 3.814903
  type: 'test'
  ...
# Subtest: tell me about -> requestTellAboutThing
ok 273 - tell me about -> requestTellAboutThing
  ---
  duration_ms: 0.91797
  type: 'test'
  ...
# Subtest: no match -> reference no-match shape (gotcha \#7)
ok 274 - no match -> reference no-match shape (gotcha \#7)
  ---
  duration_ms: 0.576413
  type: 'test'
  ...
# Subtest: empty input -> no match
ok 275 - empty input -> no match
  ---
  duration_ms: 2.081717
  type: 'test'
  ...
# Subtest: be-skill: "what time is it" -> askForTime + skill=@be/clock
ok 276 - be-skill: "what time is it" -> askForTime + skill=@be/clock
  ---
  duration_ms: 1057.415595
  type: 'test'
  ...
# Subtest: be-skill: "open the clock" -> menu + skill=@be/clock
ok 277 - be-skill: "open the clock" -> menu + skill=@be/clock
  ---
  duration_ms: 204.116193
  type: 'test'
  ...
# Subtest: question still routes to answer-skill intents (no be-skill false match)
ok 278 - question still routes to answer-skill intents (no be-skill false match)
  ---
  duration_ms: 236.744395
  type: 'test'
  ...
# Subtest: garbage -> no match
ok 279 - garbage -> no match
  ---
  duration_ms: 135.379222
  type: 'test'
  ...
# Subtest: loads the complete source inventory and the timer named rule
ok 280 - loads the complete source inventory and the timer named rule
  ---
  duration_ms: 842.942025
  type: 'test'
  ...
# Subtest: evaluates only requested rules and keeps local turns out of launch
ok 281 - evaluates only requested rules and keeps local turns out of launch
  ---
  duration_ms: 425.922437
  type: 'test'
  ...
# Subtest: selects a named result across multiple requests and de-duplicates it
ok 282 - selects a named result across multiple requests and de-duplicates it
  ---
  duration_ms: 75.192882
  type: 'test'
  ...
# Subtest: applies loop member detection after the named parse
ok 283 - applies loop member detection after the named parse
  ---
  duration_ms: 316.773125
  type: 'test'
  ...
# Subtest: keeps source priority and punctuation metadata semantic
ok 284 - keeps source priority and punctuation metadata semantic
  ---
  duration_ms: 1210.262384
  type: 'test'
  ...
# Subtest: expands optional characters in source person grammar
ok 285 - expands optional characters in source person grammar
  ---
  duration_ms: 595.689617
  type: 'test'
  ...
# Subtest: HTTP parser accepts the complete request data and preserves empty shape
ok 286 - HTTP parser accepts the complete request data and preserves empty shape
  ---
  duration_ms: 101.804537
  type: 'test'
  ...
# Subtest: HTTP parser still rejects malformed text before rule loading
ok 287 - HTTP parser still rejects malformed text before rule loading
  ---
  duration_ms: 9.542873
  type: 'test'
  ...
# Subtest: cmpVersion orders dotted numeric versions
ok 288 - cmpVersion orders dotted numeric versions
  ---
  duration_ms: 39.791814
  type: 'test'
  ...
# Subtest: load skips entries whose package file is missing
ok 289 - load skips entries whose package file is missing
  ---
  duration_ms: 0.540385
  type: 'test'
  ...
# Subtest: load computes real length + sha1 from the file
ok 290 - load computes real length + sha1 from the file
  ---
  duration_ms: 0.307984
  type: 'test'
  ...
# Subtest: listUpdatesFrom: wildcard applies to any lower version
ok 291 - listUpdatesFrom: wildcard applies to any lower version
  ---
  duration_ms: 0.536567
  type: 'test'
  ...
# Subtest: listUpdatesFrom: loop-guard — nothing offered once already at/above target
ok 292 - listUpdatesFrom: loop-guard — nothing offered once already at/above target
  ---
  duration_ms: 0.281393
  type: 'test'
  ...
# Subtest: getUpdateFrom picks the highest toVersion
ok 293 - getUpdateFrom picks the highest toVersion
  ---
  duration_ms: 0.600438
  type: 'test'
  ...
# Subtest: exact fromVersion matches only that version
ok 294 - exact fromVersion matches only that version
  ---
  duration_ms: 0.344564
  type: 'test'
  ...
# Subtest: filter is a prefix of the entry filter; empty request matches all
ok 295 - filter is a prefix of the entry filter; empty request matches all
  ---
  duration_ms: 0.458529
  type: 'test'
  ...
# Subtest: toUpdate echoes the requested fromVersion for "*" entries and builds a download url
ok 296 - toUpdate echoes the requested fromVersion for "*" entries and builds a download url
  ---
  duration_ms: 0.737839
  type: 'test'
  ...
# Subtest: GET /healthcheck
ok 297 - GET /healthcheck
  ---
  duration_ms: 53.510693
  type: 'test'
  ...
# Subtest: ListUpdatesFrom returns the wire array with self-pointing urls
ok 298 - ListUpdatesFrom returns the wire array with self-pointing urls
  ---
  duration_ms: 29.817434
  type: 'test'
  ...
# Subtest: GetUpdateFrom returns the optimal Update object
ok 299 - GetUpdateFrom returns the optimal Update object
  ---
  duration_ms: 6.322286
  type: 'test'
  ...
# Subtest: GetUpdateFrom with no applicable update -> 404 UPDATE_NOT_FOUND
ok 300 - GetUpdateFrom with no applicable update -> 404 UPDATE_NOT_FOUND
  ---
  duration_ms: 8.588774
  type: 'test'
  ...
# Subtest: unknown X-Amz-Target -> 400
ok 301 - unknown X-Amz-Target -> 400
  ---
  duration_ms: 4.793487
  type: 'test'
  ...
# Subtest: GET /ota/package streams the exact bytes with Content-Length
ok 302 - GET /ota/package streams the exact bytes with Content-Length
  ---
  duration_ms: 8.487813
  type: 'test'
  ...
# Subtest: GET /ota/package for unknown id -> 404
ok 303 - GET /ota/package for unknown id -> 404
  ---
  duration_ms: 4.147843
  type: 'test'
  ...
# Subtest: answer-skill returns a wire-valid SKILL_ACTION
ok 304 - answer-skill returns a wire-valid SKILL_ACTION
  ---
  duration_ms: 3.149511
  type: 'test'
  ...
# Subtest: SKILL_ACTION carries a JCP SEQUENCE -> SLIM -> PLAY with esml + mim meta
ok 305 - SKILL_ACTION carries a JCP SEQUENCE -> SLIM -> PLAY with esml + mim meta
  ---
  duration_ms: 0.684839
  type: 'test'
  ...
# Subtest: the session round-trips the question (stateless skill contract)
ok 306 - the session round-trips the question (stateless skill contract)
  ---
  duration_ms: 0.471745
  type: 'test'
  ...
# Subtest: esml escaping escapes entities then strips leftover braces (answer-skill/server.js:188-200)
ok 307 - esml escaping escapes entities then strips leftover braces (answer-skill/server.js:188-200)
  ---
  duration_ms: 0.164731
  type: 'test'
  ...
# Subtest: example-skill: intent walk Node1 -> Node2 -> Node3 -> Done across LISTEN_UPDATEs
ok 308 - example-skill: intent walk Node1 -> Node2 -> Node3 -> Done across LISTEN_UPDATEs
  ---
  duration_ms: 2.264623
  type: 'test'
  ...
# Subtest: example-skill: memo beats intent; proactive memo takes the proactive arm
ok 309 - example-skill: memo beats intent; proactive memo takes the proactive arm
  ---
  duration_ms: 0.44305
  type: 'test'
  ...
# Subtest: example-skill: intent2 goes straight to Node2; unknown intent throws
ok 310 - example-skill: intent2 goes straight to Node2; unknown intent throws
  ---
  duration_ms: 0.837438
  type: 'test'
  ...
# Subtest: template-skill: valid memo plays the template MIM and finishes
ok 311 - template-skill: valid memo plays the template MIM and finishes
  ---
  duration_ms: 2.345086
  type: 'test'
  ...
# Subtest: template-skill: unknown memo throws
ok 312 - template-skill: unknown memo throws
  ---
  duration_ms: 0.42178
  type: 'test'
  ...
# Subtest: GraphManager assigns sequential node IDs
ok 313 - GraphManager assigns sequential node IDs
  ---
  duration_ms: 1.147396
  type: 'test'
  ...
# Subtest: color-skill multi-turn: launch asks (non-final), update replies (final) using the answer
ok 314 - color-skill multi-turn: launch asks (non-final), update replies (final) using the answer
  ---
  duration_ms: 3.783092
  type: 'test'
  ...
# Subtest: createGraphSkill: a no-action node ends the transaction (final, fireAndForget)
ok 315 - createGraphSkill: a no-action node ends the transaction (final, fireAndForget)
  ---
  duration_ms: 0.315829
  type: 'test'
  ...
# Subtest: GraphSkill follows source precondition order and error ownership
ok 316 - GraphSkill follows source precondition order and error ownership
  ---
  duration_ms: 1.973611
  type: 'test'
  ...
# Subtest: GraphSkill mutates source-shaped skill fallbacks before dispatch
ok 317 - GraphSkill mutates source-shaped skill fallbacks before dispatch
  ---
  duration_ms: 1.637594
  type: 'test'
  ...
# Subtest: GraphSkill preserves source debug/warning ordering before dispatch errors
ok 318 - GraphSkill preserves source debug/warning ordering before dispatch errors
  ---
  duration_ms: 0.332191
  type: 'test'
  ...
# Subtest: GraphSkill launch and proactive launch preserve truthy sessions for the source guard
ok 319 - GraphSkill launch and proactive launch preserve truthy sessions for the source guard
  ---
  duration_ms: 0.796039
  type: 'test'
  ...
# Subtest: GraphSkill launch and proactive launch replace only falsy sessions through GraphManager.start
ok 320 - GraphSkill launch and proactive launch replace only falsy sessions through GraphManager.start
  ---
  duration_ms: 1.137577
  type: 'test'
  ...
# Subtest: GraphManager matches source session and transition preconditions
ok 321 - GraphManager matches source session and transition preconditions
  ---
  duration_ms: 0.924473
  type: 'test'
  ...
# Subtest: report: requestNews -> news subskill only; ServiceDown when lasso is unreachable
ok 322 - report: requestNews -> news subskill only; ServiceDown when lasso is unreachable
  ---
  duration_ms: 7.193869
  type: 'test'
  ...
# Subtest: report: requestWeatherPR -> weather subskill only
ok 323 - report: requestWeatherPR -> weather subskill only
  ---
  duration_ms: 2.967046
  type: 'test'
  ...
# Subtest: report: launchPersonalReport without an ID asks WhoIsThis (QN, non-final)
ok 324 - report: launchPersonalReport without an ID asks WhoIsThis (QN, non-final)
  ---
  duration_ms: 2.096304
  type: 'test'
  ...
# Subtest: report: full report for an IDed adult -> SettingsFailed + per-service degradation + outro MAN
ok 325 - report: full report for an IDed adult -> SettingsFailed + per-service degradation + outro MAN
  ---
  duration_ms: 6.256511
  type: 'test'
  ...
# Subtest: report: requestCommute without an ID -> WhoIsThis, then notInLoop -> MustBeLooper
ok 326 - report: requestCommute without an ID -> WhoIsThis, then notInLoop -> MustBeLooper
  ---
  duration_ms: 2.406262
  type: 'test'
  ...
# Subtest: report: requestCalendar from a child -> MustBeAdult
ok 327 - report: requestCalendar from a child -> MustBeAdult
  ---
  duration_ms: 1.173686
  type: 'test'
  ...
# Subtest: report: proactive launch -> opt-in proposal question (VERIFY_ID base MIM)
ok 328 - report: proactive launch -> opt-in proposal question (VERIFY_ID base MIM)
  ---
  duration_ms: 2.889509
  type: 'test'
  ...
# Subtest: chitchat: dance memo plays the real RA_JBO_SpecificDance MIM (raw <anim> ESML)
ok 329 - chitchat: dance memo plays the real RA_JBO_SpecificDance MIM (raw <anim> ESML)
  ---
  duration_ms: 18.358738
  type: 'test'
  ...
# Subtest: chitchat: twerk memo plays the real RA_JBO_Twerk MIM
ok 330 - chitchat: twerk memo plays the real RA_JBO_Twerk MIM
  ---
  duration_ms: 1.593301
  type: 'test'
  ...
# Subtest: chitchat: aprilFools memo plays the real JF_AprilFools MIM
ok 331 - chitchat: aprilFools memo plays the real JF_AprilFools MIM
  ---
  duration_ms: 1.401167
  type: 'test'
  ...
# Subtest: chitchat: emotion-query memo resolves in emotion-responses
ok 332 - chitchat: emotion-query memo resolves in emotion-responses
  ---
  duration_ms: 1.43443
  type: 'test'
  ...
# Subtest: chitchat: semi-specific stem resolves via entity value + category CSV
ok 333 - chitchat: semi-specific stem resolves via entity value + category CSV
  ---
  duration_ms: 1.516996
  type: 'test'
  ...
# Subtest: chitchat: unknown memo MIM falls back to CC_Fallback; missing memo throws (reference)
ok 334 - chitchat: unknown memo MIM falls back to CC_Fallback; missing memo throws (reference)
  ---
  duration_ms: 1.48745
  type: 'test'
  ...
# Subtest: jcp: esmlRaw passes markup through, default escapes it
ok 335 - jcp: esmlRaw passes markup through, default escapes it
  ---
  duration_ms: 0.46905
  type: 'test'
  ...
# Subtest: QNFactory: question -> success carries the NLU result
ok 336 - QNFactory: question -> success carries the NLU result
  ---
  duration_ms: 7.680984
  type: 'test'
  ...
# Subtest: QNFactory: NoMatch escalates by index then exits FinalNoMatch when exhausted
ok 337 - QNFactory: NoMatch escalates by index then exits FinalNoMatch when exhausted
  ---
  duration_ms: 5.017954
  type: 'test'
  ...
# Subtest: QNFactory: NoInput plays the NI prompt
ok 338 - QNFactory: NoInput plays the NI prompt
  ---
  duration_ms: 2.947558
  type: 'test'
  ...
# Subtest: MANFactory: multiple announcement MIMs become one SEQUENCE of SLIMs (final)
ok 339 - MANFactory: multiple announcement MIMs become one SEQUENCE of SLIMs (final)
  ---
  duration_ms: 3.361835
  type: 'test'
  ...
# Subtest: MIMFactory router: announcement MIM takes the AN arm
ok 340 - MIMFactory router: announcement MIM takes the AN arm
  ---
  duration_ms: 2.071999
  type: 'test'
  ...
# Subtest: unifyMims: skill prompts replace base prompts; transform wins when provided
ok 341 - unifyMims: skill prompts replace base prompts; transform wins when provided
  ---
  duration_ms: 0.677194
  type: 'test'
  ...
# Subtest: OptIn: VERIFY_ID proposal uses unified skill prompt + base listen rule
ok 342 - OptIn: VERIFY_ID proposal uses unified skill prompt + base listen rule
  ---
  duration_ms: 5.972644
  type: 'test'
  ...
# Subtest: OptIn: yes -> Accepted -> content action; SKILL_OFFER analytics tracked
ok 343 - OptIn: yes -> Accepted -> content action; SKILL_OFFER analytics tracked
  ---
  duration_ms: 2.014379
  type: 'test'
  ...
# Subtest: OptIn: no -> decline announcement (final) from the base Decline MIM
ok 344 - OptIn: no -> decline announcement (final) from the base Decline MIM
  ---
  duration_ms: 2.295642
  type: 'test'
  ...
# Subtest: OptIn: wrongID -> WrongID MIM -> loopmember recovers identity; SetPresentPerson rides the next JCP
ok 345 - OptIn: wrongID -> WrongID MIM -> loopmember recovers identity; SetPresentPerson rides the next JCP
  ---
  duration_ms: 2.746717
  type: 'test'
  ...
# Subtest: full report: weather change tables + news headlines assemble the mega-MAN
ok 346 - full report: weather change tables + news headlines assemble the mega-MAN
  ---
  duration_ms: 72.432669
  type: 'test'
  ...
# Subtest: single-skill weather request speaks real conditions (Intro + change + temp MIMs)
ok 347 - single-skill weather request speaks real conditions (Intro + change + temp MIMs)
  ---
  duration_ms: 11.045171
  type: 'test'
  ...
# Subtest: S-13 source news parser filters incomplete images and removes the feed header
ok 348 - S-13 source news parser filters incomplete images and removes the feed header
  ---
  duration_ms: 2.102426
  type: 'test'
  ...
# Subtest: S-13 source news view rejects the whole map when one headline is incomplete
ok 349 - S-13 source news view rejects the whole map when one headline is incomplete
  ---
  duration_ms: 0.987392
  type: 'test'
  ...
# Subtest: S-13 source NewsMimLogic propagates an incomplete view failure
ok 350 - S-13 source NewsMimLogic propagates an incomplete view failure
  ---
  duration_ms: 0.690509
  type: 'test'
  ...
# Subtest: commute: light traffic -> DrivePoor + DepartTimeNotNormal (no MinutesLeft at exactly 30)
ok 351 - commute: light traffic -> DrivePoor + DepartTimeNotNormal (no MinutesLeft at exactly 30)
  ---
  duration_ms: 58.459135
  type: 'test'
  ...
# Subtest: commute: heavy traffic + <30 min left -> DriveTerrible + MinutesLeft
ok 352 - commute: heavy traffic + <30 min left -> DriveTerrible + MinutesLeft
  ---
  duration_ms: 13.41303
  type: 'test'
  ...
# Subtest: commute: no traffic -> DriveNormal + DepartTimeNormal
ok 353 - commute: no traffic -> DriveNormal + DepartTimeNormal
  ---
  duration_ms: 18.684936
  type: 'test'
  ...
# Subtest: commute: just missed the departure -> DriveHurry; long missed -> DriveLate; far ahead -> Now
ok 354 - commute: just missed the departure -> DriveHurry; long missed -> DriveLate; far ahead -> Now
  ---
  duration_ms: 29.331972
  type: 'test'
  ...
# Subtest: calendar: two concurrent events today -> Count + SummaryAndTime + ParallelEvent + Outro
ok 355 - calendar: two concurrent events today -> Count + SummaryAndTime + ParallelEvent + Outro
  ---
  duration_ms: 11.65661
  type: 'test'
  ...
# Subtest: calendar: events only tomorrow -> TomorrowOnly + Count + walk
ok 356 - calendar: events only tomorrow -> TomorrowOnly + Count + walk
  ---
  duration_ms: 15.570251
  type: 'test'
  ...
# Subtest: calendar: asked for tomorrow with nothing scheduled -> Nothing
ok 357 - calendar: asked for tomorrow with nothing scheduled -> Nothing
  ---
  duration_ms: 9.580313
  type: 'test'
  ...
# Subtest: calendar: all-day event today reads the fullDay phrasing
ok 358 - calendar: all-day event today reads the fullDay phrasing
  ---
  duration_ms: 6.697306
  type: 'test'
  ...
# Subtest: S-13 source weather vector preserves the Nimbus view contract
ok 359 - S-13 source weather vector preserves the Nimbus view contract
  ---
  duration_ms: 1.953013
  type: 'test'
  ...
# Subtest: S-13 source news vector preserves image geometry and final close behavior
ok 360 - S-13 source news vector preserves image geometry and final close behavior
  ---
  duration_ms: 0.51148
  type: 'test'
  ...
# Subtest: S-13 source commute vectors preserve traffic and departure labels
ok 361 - S-13 source commute vectors preserve traffic and departure labels
  ---
  duration_ms: 0.719394
  type: 'test'
  ...
# Subtest: S-13 source calendar vector preserves icon, labels, and text placement
ok 362 - S-13 source calendar vector preserves icon, labels, and text placement
  ---
  duration_ms: 1.382802
  type: 'test'
  ...
# Subtest: S-13 weather view uses source temperature bands, assets, units, and offsets
ok 363 - S-13 weather view uses source temperature bands, assets, units, and offsets
  ---
  duration_ms: 1.895914
  type: 'test'
  ...
# Subtest: S-13 weather view keeps exact hot/cold threshold boundaries
ok 364 - S-13 weather view keeps exact hot/cold threshold boundaries
  ---
  duration_ms: 0.915205
  type: 'test'
  ...
# Subtest: S-13 news view scales images, labels strange news, and closes the last view
ok 365 - S-13 news view scales images, labels strange news, and closes the last view
  ---
  duration_ms: 0.597604
  type: 'test'
  ...
# Subtest: S-13 news view preserves source errors for empty or incomplete items
ok 366 - S-13 news view preserves source errors for empty or incomplete items
  ---
  duration_ms: 0.94381
  type: 'test'
  ...
# Subtest: S-13 commute view uses source traffic bands and departure labels
ok 367 - S-13 commute view uses source traffic bands and departure labels
  ---
  duration_ms: 1.887818
  type: 'test'
  ...
# Subtest: S-13 calendar view selects source card/icon/time fields and single-skill leaveEmpty
ok 368 - S-13 calendar view selects source card/icon/time fields and single-skill leaveEmpty
  ---
  duration_ms: 1.627075
  type: 'test'
  ...
# Subtest: S-13 calendar view handles full-day, night, default icon, and summary truncation
ok 369 - S-13 calendar view handles full-day, night, default icon, and summary truncation
  ---
  duration_ms: 3.881759
  type: 'test'
  ...
# Subtest: JCP builders keep command IDs distinct from response/session UUIDs
ok 370 - JCP builders keep command IDs distinct from response/session UUIDs
  ---
  duration_ms: 2.814205
  type: 'test'
  ...
# Subtest: supplemental Parallel uses the requester default succeedOnFirst field
ok 371 - supplemental Parallel uses the requester default succeedOnFirst field
  ---
  duration_ms: 0.287936
  type: 'test'
  ...
# Subtest: Slimmer preserves null versus omitted auto-rule overrides
ok 372 - Slimmer preserves null versus omitted auto-rule overrides
  ---
  duration_ms: 2.545606
  type: 'test'
  ...
# Subtest: GraphSkill records the framework Skill Entry analytics event on launch
ok 373 - GraphSkill records the framework Skill Entry analytics event on launch
  ---
  duration_ms: 1.332737
  type: 'test'
  ...
# Subtest: JCP command IDs do not change the UUID contract of the response envelope
ok 374 - JCP command IDs do not change the UUID contract of the response envelope
  ---
  duration_ms: 0.415026
  type: 'test'
  ...
# Subtest: S-05 source timezone vectors keep the original local day
ok 375 - S-05 source timezone vectors keep the original local day
  ---
  duration_ms: 2.567668
  type: 'test'
  ...
# Subtest: S-05 source birthday and age vector keeps Node8 values
ok 376 - S-05 source birthday and age vector keeps Node8 values
  ---
  duration_ms: 1.558565
  type: 'test'
  ...
# Subtest: S-05 PromptData uses the runtime offset for date fields and DateTime
ok 377 - S-05 PromptData uses the runtime offset for date fields and DateTime
  ---
  duration_ms: 3.916635
  type: 'test'
  ...
# Subtest: S-05 handles UTC day/month/year boundaries and seasonal windows
ok 378 - S-05 handles UTC day/month/year boundaries and seasonal windows
  ---
  duration_ms: 0.827159
  type: 'test'
  ...
# Subtest: S-05 preserves source loop selection, pronounceable names, typed data and location methods
ok 379 - S-05 preserves source loop selection, pronounceable names, typed data and location methods
  ---
  duration_ms: 0.403685
  type: 'test'
  ...
# Subtest: S-05 keeps the source date/location and loop guards independent
ok 380 - S-05 keeps the source date/location and loop guards independent
  ---
  duration_ms: 0.978465
  type: 'test'
  ...
# Subtest: S-05 rejects invalid runtime DateTime inputs while retaining the source loop offset
ok 381 - S-05 rejects invalid runtime DateTime inputs while retaining the source loop offset
  ---
  duration_ms: 0.788836
  type: 'test'
  ...
# Subtest: S-05 preserves source partial loop state and last duplicate match
ok 382 - S-05 preserves source partial loop state and last duplicate match
  ---
  duration_ms: 0.457086
  type: 'test'
  ...
# Subtest: S-05 exposes source long periods and permissive range parsing
ok 383 - S-05 exposes source long periods and permissive range parsing
  ---
  duration_ms: 0.715135
  type: 'test'
  ...
# Subtest: S-05 leaves standard data empty when location is absent
ok 384 - S-05 leaves standard data empty when location is absent
  ---
  duration_ms: 0.207294
  type: 'test'
  ...
# Subtest: S-05 leaves empty and incomplete runtimes at source defaults
ok 385 - S-05 leaves empty and incomplete runtimes at source defaults
  ---
  duration_ms: 0.566013
  type: 'test'
  ...
# Subtest: skillRoute forwards arbitrary object bodies to the handler
ok 386 - skillRoute forwards arbitrary object bodies to the handler
  ---
  duration_ms: 1.810673
  type: 'test'
  ...
# Subtest: real graph, chitchat, and report handlers retain their own boundary errors
ok 387 - real graph, chitchat, and report handlers retain their own boundary errors
  ---
  duration_ms: 1.752704
  type: 'test'
  ...
# Subtest: HTTP service forwards object bodies while common JSON parsing rejects primitives
ok 388 - HTTP service forwards object bodies while common JSON parsing rejects primitives
  ---
  duration_ms: 68.668302
  type: 'test'
  ...
# Subtest: skillRoute measures awaited handler time and overwrites handler timings
ok 389 - skillRoute measures awaited handler time and overwrites handler timings
  ---
  duration_ms: 10.017182
  type: 'test'
  ...
# Subtest: skillRoute preserves source error envelope without success timings
ok 390 - skillRoute preserves source error envelope without success timings
  ---
  duration_ms: 1.855669
  type: 'test'
  ...
# Subtest: skillRoute uses source error message conversion for strings and objects
ok 391 - skillRoute uses source error message conversion for strings and objects
  ---
  duration_ms: 0.43285
  type: 'test'
  ...
# Subtest: result assignment uses the frozen Node 8 wrapper error wording
ok 392 - result assignment uses the frozen Node 8 wrapper error wording
  ---
  duration_ms: 0.723222
  type: 'test'
  ...
# Subtest: createSkillService matches the normalized source status/body matrix
ok 393 - createSkillService matches the normalized source status/body matrix
  ---
  duration_ms: 99.720053
  type: 'test'
  ...
# Subtest: weightedSample is deterministic with an injected rng
ok 394 - weightedSample is deterministic with an injected rng
  ---
  duration_ms: 1.28718
  type: 'test'
  ...
# Subtest: condition filtering: named prompt excluded when no speaker, included with one
ok 395 - condition filtering: named prompt excluded when no speaker, included with one
  ---
  duration_ms: 5.509596
  type: 'test'
  ...
# Subtest: Errors index selects the matching NoMatch prompt
ok 396 - Errors index selects the matching NoMatch prompt
  ---
  duration_ms: 1.915262
  type: 'test'
  ...
# Subtest: exhausted NoMatch index returns null and sets noMatchMax
ok 397 - exhausted NoMatch index returns null and sets noMatchMax
  ---
  duration_ms: 0.890648
  type: 'test'
  ...
# Subtest: play.meta carries prompt_id + mim_id
ok 398 - play.meta carries prompt_id + mim_id
  ---
  duration_ms: 1.30835
  type: 'test'
  ...
# Subtest: coverage discovery ignores comments and strings while retaining nested suites, skips and pending tests
ok 399 - coverage discovery ignores comments and strings while retaining nested suites, skips and pending tests
  ---
  duration_ms: 7391.271394
  type: 'test'
  ...
# Subtest: coverage discovery distinguishes loop/factory declarations from fixed registrations
ok 400 - coverage discovery distinguishes loop/factory declarations from fixed registrations
  ---
  duration_ms: 126.454311
  type: 'test'
  ...
# Subtest: source registrations and wire contracts retain their source locations without counting production calls as tests
ok 401 - source registrations and wire contracts retain their source locations without counting production calls as tests
  ---
  duration_ms: 120.180787
  type: 'test'
  ...
# Subtest: unparseable source returns diagnostics and fails instead of silently disappearing from the denominator
ok 402 - unparseable source returns diagnostics and fails instead of silently disappearing from the denominator
  ---
  duration_ms: 120.380215
  type: 'test'
  ...
# Subtest: incremental JSON is byte-equivalent for bounded values and preserves omission/null semantics
ok 403 - incremental JSON is byte-equivalent for bounded values and preserves omission/null semantics
  ---
  duration_ms: 22.762004
  type: 'test'
  ...
# Subtest: plain and gzip capture round trips preserve the same JSON bytes
ok 404 - plain and gzip capture round trips preserve the same JSON bytes
  ---
  duration_ms: 16.463093
  type: 'test'
  ...
# Subtest: backpressure is awaited and sink failures reject the capture
ok 405 - backpressure is awaited and sink failures reject the capture
  ---
  duration_ms: 120.196997
  type: 'test'
  ...
# Subtest: close before finish rejects promptly and removes the pending drain listener
ok 406 - close before finish rejects promptly and removes the pending drain listener
  ---
  duration_ms: 1.410093
  type: 'test'
  ...
# Subtest: an already-destroyed stream rejects without waiting for an event
ok 407 - an already-destroyed stream rejects without waiting for an event
  ---
  duration_ms: 0.574269
  type: 'test'
  ...
# Subtest: asynchronous silent destruction settles a backpressured capture
ok 408 - asynchronous silent destruction settles a backpressured capture
  ---
  duration_ms: 25.940542
  type: 'test'
  ...
# Subtest: Unicode at chunk boundaries remains byte-equivalent to JSON.stringify
ok 409 - Unicode at chunk boundaries remains byte-equivalent to JSON.stringify
  ---
  duration_ms: 22.14702
  type: 'test'
  ...
# Subtest: driver run awaits the capture writer before resolving
ok 410 - driver run awaits the capture writer before resolving
  ---
  duration_ms: 22.573599
  type: 'test'
  ...
# Subtest: fixture RNG controls separate MIM VM contexts without replacing Math or consuming the service stream
ok 411 - fixture RNG controls separate MIM VM contexts without replacing Math or consuming the service stream
  ---
  duration_ms: 655.239508
  type: 'test'
  ...
# Subtest: completion counts verified tasks and excludes submitted or accepted candidates
ok 412 - completion counts verified tasks and excludes submitted or accepted candidates
  ---
  duration_ms: 3.094517
  type: 'test'
  ...
# Subtest: README refresh preserves surrounding content and rejects ambiguous markers
ok 413 - README refresh preserves surrounding content and rejects ambiguous markers
  ---
  duration_ms: 0.843379
  type: 'test'
  ...
# Subtest: real pre-commit hook uses staged tasks and preserves unstaged README and ledger edits
ok 414 - real pre-commit hook uses staged tasks and preserves unstaged README and ledger edits
  ---
  duration_ms: 2626.058552
  type: 'test'
  ...
1..414
# tests 414
# suites 0
# pass 410
# fail 4
# cancelled 0
# skipped 0
# todo 0
# duration_ms 190993.505697
