TAP version 13
# Subtest: signed CreateHubToken issues the source account claim object over Account JSON
ok 1 - signed CreateHubToken issues the source account claim object over Account JSON
  ---
  duration_ms: 38.931965
  type: 'test'
  ...
# Subtest: Classic forwards the exact signed body and auth headers to Account
ok 2 - Classic forwards the exact signed body and auth headers to Account
  ---
  duration_ms: 10.548978
  type: 'test'
  ...
# Subtest: CreateHubToken uses null for an omitted payload and exact source 422 validation
ok 3 - CreateHubToken uses null for an omitted payload and exact source 422 validation
  ---
  duration_ms: 23.279328
  type: 'test'
  ...
# Subtest: direct Account and Classic match Hapi for top-level, missing, and payload validation
ok 4 - direct Account and Classic match Hapi for top-level, missing, and payload validation
  ---
  duration_ms: 60.772358
  type: 'test'
  ...
# Subtest: authentication errors precede Hapi payload validation
ok 5 - authentication errors precede Hapi payload validation
  ---
  duration_ms: 5.06118
  type: 'test'
  ...
# Subtest: body and signed target changes are rejected after the Classic boundary
ok 6 - body and signed target changes are rejected after the Classic boundary
  ---
  duration_ms: 5.066921
  type: 'test'
  ...
# Subtest: Classic rejects signed compressed entities before forwarding inflated bytes
ok 7 - Classic rejects signed compressed entities before forwarding inflated bytes
  ---
  duration_ms: 3.529397
  type: 'test'
  ...
# Subtest: unknown, inactive, and stale credentials retain source error categories
ok 8 - unknown, inactive, and stale credentials retain source error categories
  ---
  duration_ms: 5.99078
  type: 'test'
  ...
# Subtest: Hapi validation preserves Connection close through Account and Classic
ok 9 - Hapi validation preserves Connection close through Account and Classic
  ---
  duration_ms: 7.648712
  type: 'test'
  ...
# Subtest: POST /api/token: valid AWS keys -> signed 3h hub token with the right claims, no secret
ok 10 - POST /api/token: valid AWS keys -> signed 3h hub token with the right claims, no secret
  ---
  duration_ms: 1051.391697
  type: 'test'
  ...
# Subtest: POST /api/token: wrong secret 401, unknown key 401
ok 11 - POST /api/token: wrong secret 401, unknown key 401
  ---
  duration_ms: 15.50638
  type: 'test'
  ...
# Subtest: GET /api/verify: valid key -> identity (no secret); unknown -> {valid:false}
ok 12 - GET /api/verify: valid key -> identity (no secret); unknown -> {valid:false}
  ---
  duration_ms: 8.89826
  type: 'test'
  ...
# Subtest: the issued hub token is rejected by jwt.verify once expired
ok 13 - the issued hub token is rejected by jwt.verify once expired
  ---
  duration_ms: 1.118429
  type: 'test'
  ...
# Subtest: fillAccessKeys: 20/40 alnum (reference account.ts shape)
ok 14 - fillAccessKeys: 20/40 alnum (reference account.ts shape)
  ---
  duration_ms: 3.274854
  type: 'test'
  ...
# Subtest: scrypt password hashing round-trips and rejects wrong passwords
ok 15 - scrypt password hashing round-trips and rejects wrong passwords
  ---
  duration_ms: 119.99066
  type: 'test'
  ...
# Subtest: signup -> me -> logout -> me (session lifecycle over the wire)
ok 16 - signup -> me -> logout -> me (session lifecycle over the wire)
  ---
  duration_ms: 2684.786414
  type: 'test'
  ...
# Subtest: login: wrong password 401, right password 200; duplicate signup 409
ok 17 - login: wrong password 401, right password 200; duplicate signup 409
  ---
  duration_ms: 4230.391987
  type: 'test'
  ...
# Subtest: admin: login with .env password, list all robots, manual adopt returns credentials.json
ok 18 - admin: login with .env password, list all robots, manual adopt returns credentials.json
  ---
  duration_ms: 5110.025165
  type: 'test'
  ...
# Subtest: owner /api/robots: 401 anonymous; owner sees only their loops
ok 19 - owner /api/robots: 401 anonymous; owner sees only their loops
  ---
  duration_ms: 3.413407
  type: 'test'
  ...
# Subtest: store persists across instances (robot creds survive restart)
ok 20 - store persists across instances (robot creds survive restart)
  ---
  duration_ms: 657.656404
  type: 'test'
  ...
# Subtest: setup tokens: 15-minute TTL; expiry rejects without deleting (reference findById)
ok 21 - setup tokens: 15-minute TTL; expiry rejects without deleting (reference findById)
  ---
  duration_ms: 162.484605
  type: 'test'
  ...
# Subtest: QR encodes+decodes (15 bytes)
ok 22 - QR encodes+decodes (15 bytes)
  ---
  duration_ms: 38.88696
  type: 'test'
  ...
# Subtest: QR encodes+decodes (30 bytes)
ok 23 - QR encodes+decodes (30 bytes)
  ---
  duration_ms: 33.688551
  type: 'test'
  ...
# Subtest: QR encodes+decodes (70 bytes)
ok 24 - QR encodes+decodes (70 bytes)
  ---
  duration_ms: 17.784717
  type: 'test'
  ...
# Subtest: QR encodes+decodes (28 bytes)
ok 25 - QR encodes+decodes (28 bytes)
  ---
  duration_ms: 4.096723
  type: 'test'
  ...
# Subtest: QR encodes+decodes (88 bytes)
ok 26 - QR encodes+decodes (88 bytes)
  ---
  duration_ms: 14.984582
  type: 'test'
  ...
# Subtest: qrSvg produces a valid square SVG with a quiet zone
ok 27 - qrSvg produces a valid square SVG with a quiet zone
  ---
  duration_ms: 1.148697
  type: 'test'
  ...
# Subtest: QR payload: DHCP 3-line round-trip through the robot decoder
ok 28 - QR payload: DHCP 3-line round-trip through the robot decoder
  ---
  duration_ms: 3.791033
  type: 'test'
  ...
# Subtest: QR payload: static-IP 8-line round-trip
ok 29 - QR payload: static-IP 8-line round-trip
  ---
  duration_ms: 0.747286
  type: 'test'
  ...
# Subtest: QR payload: long token splits into multiple ordered frames; out-of-order reassembles
ok 30 - QR payload: long token splits into multiple ordered frames; out-of-order reassembles
  ---
  duration_ms: 0.264741
  type: 'test'
  ...
# Subtest: XOR is symmetric with the exact config.bt key
ok 31 - XOR is symmetric with the exact config.bt key
  ---
  duration_ms: 0.191543
  type: 'test'
  ...
# Subtest: end-to-end: signup -> setup QR -> robot redeems -> status flips -> robot listed
ok 32 - end-to-end: signup -> setup QR -> robot redeems -> status flips -> robot listed
  ---
  duration_ms: 10011.592764
  type: 'test'
  ...
# Subtest: setupRobot: portal-minted token -> credentials, one-time, robot adopted into a loop
ok 33 - setupRobot: portal-minted token -> credentials, one-time, robot adopted into a loop
  ---
  duration_ms: 11684.179927
  type: 'test'
  ...
# Subtest: setupRobot errors: expired token 401 TOKEN_EXPIRED (not deleted), unknown 404
ok 34 - setupRobot errors: expired token 401 TOKEN_EXPIRED (not deleted), unknown 404
  ---
  duration_ms: 383.173141
  type: 'test'
  ...
# Subtest: prefix tolerance: any prefix routes by operation name; unknown op is 400
ok 35 - prefix tolerance: any prefix routes by operation name; unknown op is 400
  ---
  duration_ms: 578.283525
  type: 'test'
  ...
# Subtest: getStatus flips to complete once the token is consumed (or invalid)
ok 36 - getStatus flips to complete once the token is consumed (or invalid)
  ---
  duration_ms: 866.010933
  type: 'test'
  ...
# Subtest: prepareRobot: authed by SigV4 Credential accessKeyId; reuses the live token
ok 37 - prepareRobot: authed by SigV4 Credential accessKeyId; reuses the live token
  ---
  duration_ms: 835.097078
  type: 'test'
  ...
# Subtest: Update_* targets proxy through to the OTA service untouched
ok 38 - Update_* targets proxy through to the OTA service untouched
  ---
  duration_ms: 8.124334
  type: 'test'
  ...
# Subtest: Loop.List: robot creds -> its one loop with `id` (what jibo-system-backup.js reads)
ok 39 - Loop.List: robot creds -> its one loop with `id` (what jibo-system-backup.js reads)
  ---
  duration_ms: 5334.075643
  type: 'test'
  ...
# Subtest: AWS-JSON GetSettings: default report-skill data shape the report-skill expects
ok 40 - AWS-JSON GetSettings: default report-skill data shape the report-skill expects
  ---
  duration_ms: 33.810361
  type: 'test'
  ...
# Subtest: portal settings editor: GET defaults, PUT toggles, GET reflects
ok 41 - portal settings editor: GET defaults, PUT toggles, GET reflects
  ---
  duration_ms: 4844.002125
  type: 'test'
  ...
# Subtest: END-TO-END: report-skill reads real prefs from the live settings service (no SettingsFailed)
ok 42 - END-TO-END: report-skill reads real prefs from the live settings service (no SettingsFailed)
  ---
  duration_ms: 3991.598743
  type: 'test'
  ...
# Subtest: backup new -> PUT blob -> list (etag matches) -> GET restores the bytes
ok 43 - backup new -> PUT blob -> list (etag matches) -> GET restores the bytes
  ---
  duration_ms: 46.635322
  type: 'test'
  ...
# Subtest: backup new requires a loopId; list of an unknown loop is empty (not an error)
ok 44 - backup new requires a loopId; list of an unknown loop is empty (not an error)
  ---
  duration_ms: 6.789604
  type: 'test'
  ...
# Subtest: backup blob endpoints reject path-traversal in loopId/key
ok 45 - backup blob endpoints reject path-traversal in loopId/key
  ---
  duration_ms: 2.811056
  type: 'test'
  ...
# Subtest: log PutEvents: 200 no-op, robot never gets a 500
ok 46 - log PutEvents: 200 no-op, robot never gets a 500
  ---
  duration_ms: 39.231114
  type: 'test'
  ...
# Subtest: log PutEventsAsync + PutAsrBinary return the upload-handshake shapes
ok 47 - log PutEventsAsync + PutAsrBinary return the upload-handshake shapes
  ---
  duration_ms: 9.174043
  type: 'test'
  ...
# Subtest: robot GetRobot / GetCalibrationData return valid empty records
ok 48 - robot GetRobot / GetCalibrationData return valid empty records
  ---
  duration_ms: 6.478725
  type: 'test'
  ...
# Subtest: robot GetFriendlyIds returns the requested count of 4-word names
ok 49 - robot GetFriendlyIds returns the requested count of 4-word names
  ---
  duration_ms: 4.862604
  type: 'test'
  ...
# Subtest: OOBE_* and Update_* proxy to their upstream services verbatim
ok 50 - OOBE_* and Update_* proxy to their upstream services verbatim
  ---
  duration_ms: 12.378855
  type: 'test'
  ...
# Subtest: proxy bounds upstream hangs and surfaces aborted upstream responses
ok 51 - proxy bounds upstream hangs and surfaces aborted upstream responses
  ---
  duration_ms: 136.690803
  type: 'test'
  ...
# Subtest: prefix tolerance: case-insensitive; unknown prefix -> UnknownOperationException
ok 52 - prefix tolerance: case-insensitive; unknown prefix -> UnknownOperationException
  ---
  duration_ms: 3.199652
  type: 'test'
  ...
# Subtest: OOBE prefix from the wire contract is OOBE_20161026 (G.2 matcher already covers it)
ok 53 - OOBE prefix from the wire contract is OOBE_20161026 (G.2 matcher already covers it)
  ---
  duration_ms: 0.272206
  type: 'test'
  ...
# Subtest: key: ShouldCreate -> CreateRequest -> Share -> GetRequest round-trip
ok 54 - key: ShouldCreate -> CreateRequest -> Share -> GetRequest round-trip
  ---
  duration_ms: 49.559223
  type: 'test'
  ...
# Subtest: key: Backup -> Restore by loop+passwordHash; missing -> 404
ok 55 - key: Backup -> Restore by loop+passwordHash; missing -> 404
  ---
  duration_ms: 9.595501
  type: 'test'
  ...
# Subtest: key: GetRequest unknown id -> 404
ok 56 - key: GetRequest unknown id -> 404
  ---
  duration_ms: 5.813836
  type: 'test'
  ...
# Subtest: push: CreateDevice / RemoveDevice return success (no-op delivery)
ok 57 - push: CreateDevice / RemoveDevice return success (no-op delivery)
  ---
  duration_ms: 11.654812
  type: 'test'
  ...
# Subtest: NewRobotToken issues a token; GetStatus is false until a socket connects
ok 58 - NewRobotToken issues a token; GetStatus is false until a socket connects
  ---
  duration_ms: 45.390092
  type: 'test'
  ...
# Subtest: live delivery: enqueue after connect -> the socket receives the notification
ok 59 - live delivery: enqueue after connect -> the socket receives the notification
  ---
  duration_ms: 11.656768
  type: 'test'
  ...
# Subtest: pending delivery: enqueue BEFORE connect -> delivered on connect
ok 60 - pending delivery: enqueue BEFORE connect -> delivered on connect
  ---
  duration_ms: 13.026121
  type: 'test'
  ...
# Subtest: socket rejects an unknown token
ok 61 - socket rejects an unknown token
  ---
  duration_ms: 3.125892
  type: 'test'
  ...
# Subtest: rom: SetupClient returns the cert-bundle shape
ok 62 - rom: SetupClient returns the cert-bundle shape
  ---
  duration_ms: 35.115935
  type: 'test'
  ...
# Subtest: media: Create returns a record; List/Get empty
ok 63 - media: Create returns a record; List/Get empty
  ---
  duration_ms: 7.945384
  type: 'test'
  ...
# Subtest: person: account properties round-trip in-memory
ok 64 - person: account properties round-trip in-memory
  ---
  duration_ms: 12.541793
  type: 'test'
  ...
# Subtest: ifttt / nlp / collision return their shapes
ok 65 - ifttt / nlp / collision return their shapes
  ---
  duration_ms: 12.776198
  type: 'test'
  ...
# Subtest: unknown op on a stub service -> ValidationException
ok 66 - unknown op on a stub service -> ValidationException
  ---
  duration_ms: 4.918058
  type: 'test'
  ...
# Subtest: net() prefixes http:// and reads NET_<name>
ok 67 - net() prefixes http:// and reads NET_<name>
  ---
  duration_ms: 1.025754
  type: 'test'
  ...
# Subtest: net() required-throws when unset and no default
ok 68 - net() required-throws when unset and no default
  ---
  duration_ms: 0.456545
  type: 'test'
  ...
# Subtest: etco() reads ETCO_<scope>_<key> and required-throws
ok 69 - etco() reads ETCO_<scope>_<key> and required-throws
  ---
  duration_ms: 0.229816
  type: 'test'
  ...
# Subtest: boolEnv coerces flag strings
ok 70 - boolEnv coerces flag strings
  ---
  duration_ms: 0.176916
  type: 'test'
  ...
# Subtest: sign/verify round-trips the payload and adds iat
ok 71 - sign/verify round-trips the payload and adds iat
  ---
  duration_ms: 1.939845
  type: 'test'
  ...
# Subtest: verify accepts each HMAC algorithm allowed by the pinned source defaults
ok 72 - verify accepts each HMAC algorithm allowed by the pinned source defaults
  ---
  duration_ms: 0.605877
  type: 'test'
  ...
# Subtest: verify rejects a wrong secret and a tampered payload
ok 73 - verify rejects a wrong secret and a tampered payload
  ---
  duration_ms: 0.863085
  type: 'test'
  ...
# Subtest: verify matches source errors for missing, malformed, algorithm, and signature cases
ok 74 - verify matches source errors for missing, malformed, algorithm, and signature cases
  ---
  duration_ms: 1.010364
  type: 'test'
  ...
# Subtest: verify parses JWT payloads before algorithm and signature checks
ok 75 - verify parses JWT payloads before algorithm and signature checks
  ---
  duration_ms: 0.666082
  type: 'test'
  ...
# Subtest: verify translates modern JSON diagnostics with source UTF-16 positions
ok 76 - verify translates modern JSON diagnostics with source UTF-16 positions
  ---
  duration_ms: 1.35146
  type: 'test'
  ...
# Subtest: verify compares canonical source signature text and decodes headers as binary
ok 77 - verify compares canonical source signature text and decodes headers as binary
  ---
  duration_ms: 1.037105
  type: 'test'
  ...
# Subtest: verify enforces exact exp boundaries without an implicit clock skew
ok 78 - verify enforces exact exp boundaries without an implicit clock skew
  ---
  duration_ms: 0.567396
  type: 'test'
  ...
# Subtest: verify enforces nbf boundaries and registered-claim types
ok 79 - verify enforces nbf boundaries and registered-claim types
  ---
  duration_ms: 0.667244
  type: 'test'
  ...
# Subtest: verify preserves source payload decoding for JWT primitives, objects, and null
ok 80 - verify preserves source payload decoding for JWT primitives, objects, and null
  ---
  duration_ms: 0.497704
  type: 'test'
  ...
# Subtest: common HTTP service preserves the reference JSON and error boundary contract
ok 81 - common HTTP service preserves the reference JSON and error boundary contract
  ---
  duration_ms: 89.125319
  type: 'test'
  ...
# Subtest: SigV4 matches the pinned AWS SDK 2.205.0 source signer fixture
ok 82 - SigV4 matches the pinned AWS SDK 2.205.0 source signer fixture
  ---
  duration_ms: 3.048536
  type: 'test'
  ...
# Subtest: SigV4 matches source canonical query, punctuation-header, and s3 path fixtures
ok 83 - SigV4 matches source canonical query, punctuation-header, and s3 path fixtures
  ---
  duration_ms: 0.856362
  type: 'test'
  ...
# Subtest: body and signed-header changes fail while an untrusted x-amz-credentials header cannot change identity
ok 84 - body and signed-header changes fail while an untrusted x-amz-credentials header cannot change identity
  ---
  duration_ms: 1.405574
  type: 'test'
  ...
# Subtest: key, account, algorithm, and date errors preserve security-gateway codes
ok 85 - key, account, algorithm, and date errors preserve security-gateway codes
  ---
  duration_ms: 1.434419
  type: 'test'
  ...
# Subtest: the source uses a strict greater-than 15-minute clock-skew boundary
ok 86 - the source uses a strict greater-than 15-minute clock-skew boundary
  ---
  duration_ms: 0.536156
  type: 'test'
  ...
# Subtest: an explicit x-amz-content-sha256 follows the native source signer path only when supplied
ok 87 - an explicit x-amz-content-sha256 follows the native source signer path only when supplied
  ---
  duration_ms: 0.383527
  type: 'test'
  ...
# Subtest: LISTEN request from the atlas validates
ok 88 - LISTEN request from the atlas validates
  ---
  duration_ms: 1.054798
  type: 'test'
  ...
# Subtest: CONTEXT requires general.accountID/robotID/lang
ok 89 - CONTEXT requires general.accountID/robotID/lang
  ---
  duration_ms: 0.257448
  type: 'test'
  ...
# Subtest: NLU response from the parser validates (intent may be null)
ok 90 - NLU response from the parser validates (intent may be null)
  ---
  duration_ms: 0.156417
  type: 'test'
  ...
# Subtest: SKILL_ACTION skill response validates
ok 91 - SKILL_ACTION skill response validates
  ---
  duration_ms: 0.166527
  type: 'test'
  ...
# Subtest: wrong discriminator is rejected
ok 92 - wrong discriminator is rejected
  ---
  duration_ms: 0.15873
  type: 'test'
  ...
# Subtest: envelope builders produce well-formed messages
ok 93 - envelope builders produce well-formed messages
  ---
  duration_ms: 0.453529
  type: 'test'
  ...
# Subtest: assertValid throws with readable errors
ok 94 - assertValid throws with readable errors
  ---
  duration_ms: 0.456345
  type: 'test'
  ...
# Subtest: timeouts match the reference state machine
ok 95 - timeouts match the reference state machine
  ---
  duration_ms: 0.764528
  type: 'test'
  ...
# Subtest: save requires fields + authCode/tokens
ok 96 - save requires fields + authCode/tokens
  ---
  duration_ms: 2.571442
  type: 'test'
  ...
# Subtest: testAuthCode bypass stores fake tokens; dup authCode -> DUPLICATE_KEY
ok 97 - testAuthCode bypass stores fake tokens; dup authCode -> DUPLICATE_KEY
  ---
  duration_ms: 0.800617
  type: 'test'
  ...
# Subtest: direct tokens path saves without OAuth exchange
ok 98 - direct tokens path saves without OAuth exchange
  ---
  duration_ms: 0.148411
  type: 'test'
  ...
# Subtest: deleteOther: a new report-skill calendar cred for the other service is removed (B3 fix)
ok 99 - deleteOther: a new report-skill calendar cred for the other service is removed (B3 fix)
  ---
  duration_ms: 0.246507
  type: 'test'
  ...
# Subtest: delete with wildcards removes matching creds
ok 100 - delete with wildcards removes matching creds
  ---
  duration_ms: 0.298355
  type: 'test'
  ...
# Subtest: normalizeEvent: timed + all-day CalendarEvent shape
ok 101 - normalizeEvent: timed + all-day CalendarEvent shape
  ---
  duration_ms: 0.332179
  type: 'test'
  ...
# Subtest: POST/GET/DELETE /v1/credential
ok 102 - POST/GET/DELETE /v1/credential
  ---
  duration_ms: 45.012086
  type: 'test'
  ...
# Subtest: GET /v1/google_calendar -> {events:[CalendarEvent]} via stub provider
ok 103 - GET /v1/google_calendar -> {events:[CalendarEvent]} via stub provider
  ---
  duration_ms: 2.935412
  type: 'test'
  ...
# Subtest: calendar missing skillId -> 400
ok 104 - calendar missing skillId -> 400
  ---
  duration_ms: 1.971445
  type: 'test'
  ...
# Subtest: TTLCache: get/set + expiry
ok 105 - TTLCache: get/set + expiry
  ---
  duration_ms: 2.763586
  type: 'test'
  ...
# Subtest: validateWeather requires numeric lat/lon
ok 106 - validateWeather requires numeric lat/lon
  ---
  duration_ms: 0.51245
  type: 'test'
  ...
# Subtest: openMeteoToDarkSky maps to the Dark Sky shape; "today" = index 1 (past_days=1)
ok 107 - openMeteoToDarkSky maps to the Dark Sky shape; "today" = index 1 (past_days=1)
  ---
  duration_ms: 0.40099
  type: 'test'
  ...
# Subtest: weatherCodeToIcon mapping
ok 108 - weatherCodeToIcon mapping
  ---
  duration_ms: 0.18495
  type: 'test'
  ...
# Subtest: GET miss -> lassoDataFromRedis:false; second GET -> cache hit (no refetch)
ok 109 - GET miss -> lassoDataFromRedis:false; second GET -> cache hit (no refetch)
  ---
  duration_ms: 29.21246
  type: 'test'
  ...
# Subtest: HEAD prefetch warms the cache (empty 200), next GET is a hit
ok 110 - HEAD prefetch warms the cache (empty 200), next GET is a hit
  ---
  duration_ms: 59.598874
  type: 'test'
  ...
# Subtest: missing lat/lon -> 400
ok 111 - missing lat/lon -> 400
  ---
  duration_ms: 2.034575
  type: 'test'
  ...
# Subtest: validateMaps parses origin/destination JSON + validates mode
ok 112 - validateMaps parses origin/destination JSON + validates mode
  ---
  duration_ms: 2.96639
  type: 'test'
  ...
# Subtest: openRouteServiceToGoogleMaps maps duration/distance into the Maps shape
ok 113 - openRouteServiceToGoogleMaps maps duration/distance into the Maps shape
  ---
  duration_ms: 0.24322
  type: 'test'
  ...
# Subtest: no routes -> ZERO_RESULTS
ok 114 - no routes -> ZERO_RESULTS
  ---
  duration_ms: 0.122082
  type: 'test'
  ...
# Subtest: GET /v1/google_maps: envelope + cache
ok 115 - GET /v1/google_maps: envelope + cache
  ---
  duration_ms: 28.831067
  type: 'test'
  ...
# Subtest: bad mode -> 400
ok 116 - bad mode -> 400
  ---
  duration_ms: 3.031975
  type: 'test'
  ...
# Subtest: validateNews requires a known sourceID
ok 117 - validateNews requires a known sourceID
  ---
  duration_ms: 3.340449
  type: 'test'
  ...
# Subtest: parseRssItems extracts titles + CDATA descriptions, stripping tags
ok 118 - parseRssItems extracts titles + CDATA descriptions, stripping tags
  ---
  duration_ms: 1.738323
  type: 'test'
  ...
# Subtest: parseRssItems preserves provider image URL and dimensions across RSS image forms
ok 119 - parseRssItems preserves provider image URL and dimensions across RSS image forms
  ---
  duration_ms: 0.710697
  type: 'test'
  ...
# Subtest: parseRssItems preserves Atom enclosure dimensions and does not infer missing values
ok 120 - parseRssItems preserves Atom enclosure dimensions and does not infer missing values
  ---
  duration_ms: 0.472416
  type: 'test'
  ...
# Subtest: buildApFeedXml emits the AP feed shape (apcm:ExtendedHeadLine + summary)
ok 121 - buildApFeedXml emits the AP feed shape (apcm:ExtendedHeadLine + summary)
  ---
  duration_ms: 0.399468
  type: 'test'
  ...
# Subtest: buildApFeedXml does not invent a summary when the provider omits it
ok 122 - buildApFeedXml does not invent a summary when the provider omits it
  ---
  duration_ms: 0.158259
  type: 'test'
  ...
# Subtest: fetchNews emits the provider header and AP preview media slot without invented media
ok 123 - fetchNews emits the provider header and AP preview media slot without invented media
  ---
  duration_ms: 0.624754
  type: 'test'
  ...
# Subtest: fetchNews does not promote the first story to a synthetic header when feed title is absent
ok 124 - fetchNews does not promote the first story to a synthetic header when feed title is absent
  ---
  duration_ms: 0.325998
  type: 'test'
  ...
# Subtest: GET /v1/ap_news: envelope (miss->false, hit->true) with AP XML relayData
ok 125 - GET /v1/ap_news: envelope (miss->false, hit->true) with AP XML relayData
  ---
  duration_ms: 35.06522
  type: 'test'
  ...
# Subtest: bad sourceID -> 400
ok 126 - bad sourceID -> 400
  ---
  duration_ms: 2.640332
  type: 'test'
  ...
# Subtest: VAD: SOS after 150ms speech, EOS after 700ms silence, transcript via mock
ok 127 - VAD: SOS after 150ms speech, EOS after 700ms silence, transcript via mock
  ---
  duration_ms: 35.99425
  type: 'test'
  ...
# Subtest: VAD: stop() before SOS resolves start() with undefined
ok 128 - VAD: stop() before SOS resolves start() with undefined
  ---
  duration_ms: 0.491161
  type: 'test'
  ...
# Subtest: WAV header: 44-byte RIFF, 16kHz mono 16-bit
ok 129 - WAV header: 44-byte RIFF, 16kHz mono 16-bit
  ---
  duration_ms: 0.288708
  type: 'test'
  ...
# Subtest: LINEAR16 remains byte-for-byte PCM across odd network fragment boundaries
ok 130 - LINEAR16 remains byte-for-byte PCM across odd network fragment boundaries
  ---
  duration_ms: 5.298931
  type: 'test'
  ...
# Subtest: LINEAR16 rejects an odd final PCM byte instead of wrapping invalid WAV
ok 131 - LINEAR16 rejects an odd final PCM byte instead of wrapping invalid WAV
  ---
  duration_ms: 1.339207
  type: 'test'
  ...
# Subtest: LINEAR16 stop preserves an even final partial VAD window
ok 132 - LINEAR16 stop preserves an even final partial VAD window
  ---
  duration_ms: 5.82129
  type: 'test'
  ...
# Subtest: VAD and EOS are invariant across PCM chunk boundaries
ok 133 - VAD and EOS are invariant across PCM chunk boundaries
  ---
  duration_ms: 9.998214
  type: 'test'
  ...
# Subtest: encoded fixtures preserve VAD events and PCM cut across decoder chunking
ok 134 - encoded fixtures preserve VAD events and PCM cut across decoder chunking
  ---
  duration_ms: 220.883997
  type: 'test'
  ...
# Subtest: max-buffer EOS cuts a large PCM chunk at the 30-second boundary
ok 135 - max-buffer EOS cuts a large PCM chunk at the 30-second boundary
  ---
  duration_ms: 15.97599
  type: 'test'
  ...
# Subtest: declared audio formats are validated before a provider session starts
ok 136 - declared audio formats are validated before a provider session starts
  ---
  duration_ms: 0.72299
  type: 'test'
  ...
# Subtest: bounded decoder queue rejects input without buffering a whole turn
ok 137 - bounded decoder queue rejects input without buffering a whole turn
  ---
  duration_ms: 0.493595
  type: 'test'
  ...
# Subtest: missing ffmpeg is an explicit runtime decoder error
ok 138 - missing ffmpeg is an explicit runtime decoder error
  ---
  duration_ms: 8.96666
  type: 'test'
  ...
# Subtest: decoder rejects empty or truncated FLAC streams at end-of-input
ok 139 - decoder rejects empty or truncated FLAC streams at end-of-input
  ---
  duration_ms: 16.035944
  type: 'test'
  ...
# Subtest: decoder finish followed by abort settles without a dangling OGG promise
ok 140 - decoder finish followed by abort settles without a dangling OGG promise
  ---
  duration_ms: 7.24113
  type: 'test'
  ...
# Subtest: OGG finish rejects a prefix that ffmpeg decodes without an EOS page
ok 141 - OGG finish rejects a prefix that ffmpeg decodes without an EOS page
  ---
  duration_ms: 5.004792
  type: 'test'
  ...
# Subtest: explicit OGG end-of-input accepts decoded audio before a missing EOS page
ok 142 - explicit OGG end-of-input accepts decoded audio before a missing EOS page
  ---
  duration_ms: 57.734252
  type: 'test'
  ...
# Subtest: decoder bounds include an active FLAC frame and clean up on overflow
ok 143 - decoder bounds include an active FLAC frame and clean up on overflow
  ---
  duration_ms: 0.93953
  type: 'test'
  ...
# Subtest: decoder reports a missing process and clears its child without a pending finish
ok 144 - decoder reports a missing process and clears its child without a pending finish
  ---
  duration_ms: 2.67061
  type: 'test'
  ...
# Subtest: OGG decoder emits PCM before the paced source reaches EOF
ok 145 - OGG decoder emits PCM before the paced source reaches EOF
  ---
  duration_ms: 341.503129
  type: 'test'
  ...
# Subtest: FLAC decoder emits PCM before the paced source reaches EOF
ok 146 - FLAC decoder emits PCM before the paced source reaches EOF
  ---
  duration_ms: 175.497943
  type: 'test'
  ...
# Subtest: paced OGG input can reach SOS before the source reaches EOF
ok 147 - paced OGG input can reach SOS before the source reaches EOF
  ---
  duration_ms: 340.808382
  type: 'test'
  ...
# Subtest: paced FLAC input can reach SOS before the source reaches EOF
ok 148 - paced FLAC input can reach SOS before the source reaches EOF
  ---
  duration_ms: 404.995671
  type: 'test'
  ...
# Subtest: OGG_OPUS is decoded before VAD and WAV wrapping across fragmented frames
ok 149 - OGG_OPUS is decoded before VAD and WAV wrapping across fragmented frames
  ---
  duration_ms: 43.253484
  type: 'test'
  ...
# Subtest: FLAC frames are decoded incrementally before VAD despite fragmented input
ok 150 - FLAC frames are decoded incrementally before VAD despite fragmented input
  ---
  duration_ms: 4.551753
  type: 'test'
  ...
# Subtest: FLAC decoded waveform matches the immutable lossless fixture
ok 151 - FLAC decoded waveform matches the immutable lossless fixture
  ---
  duration_ms: 5.92175
  type: 'test'
  ...
# Subtest: FLAC surfaces a native decoder error even when it decoded no PCM
ok 152 - FLAC surfaces a native decoder error even when it decoded no PCM
  ---
  duration_ms: 1.072001
  type: 'test'
  ...
# Subtest: FLAC rejects an oversized native chunk before allocating PCM
ok 153 - FLAC rejects an oversized native chunk before allocating PCM
  ---
  duration_ms: 0.278968
  type: 'test'
  ...
# Subtest: FLAC accepts every single-byte split across metadata and frame headers
ok 154 - FLAC accepts every single-byte split across metadata and frame headers
  ---
  duration_ms: 14.157235
  type: 'test'
  ...
# Subtest: malformed declared audio rejects the session with a decoder error
ok 155 - malformed declared audio rejects the session with a decoder error
  ---
  duration_ms: 2.146177
  type: 'test'
  ...
# Subtest: encoded session cancellation aborts decoder resources before SOS
ok 156 - encoded session cancellation aborts decoder resources before SOS
  ---
  duration_ms: 5.392177
  type: 'test'
  ...
# Subtest: encoded session cancellation after SOS closes decoder without waiting for encoded EOS
ok 157 - encoded session cancellation after SOS closes decoder without waiting for encoded EOS
  ---
  duration_ms: 7.890049
  type: 'test'
  ...
# Subtest: hints: $YESNO expands, unknown templates drop, global "jibo" appends, deduped
ok 158 - hints: $YESNO expands, unknown templates drop, global "jibo" appends, deduped
  ---
  duration_ms: 0.243693
  type: 'test'
  ...
# Subtest: factory: non-English languages throw (reference gate)
ok 159 - factory: non-English languages throw (reference gate)
  ---
  duration_ms: 0.138242
  type: 'test'
  ...
# Subtest: normalizeString: smart quotes/dashes -> ascii; non-strings -> ""
ok 160 - normalizeString: smart quotes/dashes -> ascii; non-strings -> ""
  ---
  duration_ms: 0.511229
  type: 'test'
  ...
# Subtest: packages/gateway/test/fixtures/asrEncoded.js
ok 23 - packages/gateway/test/fixtures/asrEncoded.js
  ---
  duration_ms: 25.894363
  type: 'test'
  ...
# Subtest: checkAuthentication matches the source bearer and jsonwebtoken matrix
ok 162 - checkAuthentication matches the source bearer and jsonwebtoken matrix
  ---
  duration_ms: 2.733539
  type: 'test'
  ...
# Subtest: upgrade rejection preserves status, source text, headers, and auth-before-path ordering
ok 163 - upgrade rejection preserves status, source text, headers, and auth-before-path ordering
  ---
  duration_ms: 27.406268
  type: 'test'
  ...
# Subtest: valid bearer upgrades known exact paths and disableAuth still checks path first
ok 164 - valid bearer upgrades known exact paths and disableAuth still checks path first
  ---
  duration_ms: 17.055906
  type: 'test'
  ...
# Subtest: verifyAgainstAccount: live account accepts
ok 165 - verifyAgainstAccount: live account accepts
  ---
  duration_ms: 29.210777
  type: 'test'
  ...
# Subtest: verifyAgainstAccount: revoked/unknown account rejects
ok 166 - verifyAgainstAccount: revoked/unknown account rejects
  ---
  duration_ms: 3.691184
  type: 'test'
  ...
# Subtest: verifyAgainstAccount: friendlyId mismatch rejects
ok 167 - verifyAgainstAccount: friendlyId mismatch rejects
  ---
  duration_ms: 4.303133
  type: 'test'
  ...
# Subtest: verifyAgainstAccount: token without an accessKeyId claim is allowed (sim creds)
ok 168 - verifyAgainstAccount: token without an accessKeyId claim is allowed (sim creds)
  ---
  duration_ms: 0.266455
  type: 'test'
  ...
# Subtest: verifyAgainstAccount: unreachable account fails closed
ok 169 - verifyAgainstAccount: unreachable account fails closed
  ---
  duration_ms: 0.597352
  type: 'test'
  ...
# Subtest: verifyClient: disableAuth bypasses auth entirely
ok 170 - verifyClient: disableAuth bypasses auth entirely
  ---
  duration_ms: 52.472812
  type: 'test'
  ...
# Subtest: verifyClient: shared-secret-only accepts any validly-signed token (no accountUrl)
ok 171 - verifyClient: shared-secret-only accepts any validly-signed token (no accountUrl)
  ---
  duration_ms: 28.959962
  type: 'test'
  ...
# Subtest: verifyClient: with accountUrl, live account accepts and revoked rejects
ok 172 - verifyClient: with accountUrl, live account accepts and revoked rejects
  ---
  duration_ms: 27.059711
  type: 'test'
  ...
# Subtest: routes a launch intent to its skill and carries memo
ok 173 - routes a launch intent to its skill and carries memo
  ---
  duration_ms: 1.900301
  type: 'test'
  ...
# Subtest: does NOT route without the launch rule (gotcha \#6)
ok 174 - does NOT route without the launch rule (gotcha \#6)
  ---
  duration_ms: 0.284429
  type: 'test'
  ...
# Subtest: does NOT route a null intent
ok 175 - does NOT route a null intent
  ---
  duration_ms: 1.02364
  type: 'test'
  ...
# Subtest: entity-constrained registration outweighs the bare one (weight 1 > 0)
ok 176 - entity-constrained registration outweighs the bare one (weight 1 > 0)
  ---
  duration_ms: 0.181374
  type: 'test'
  ...
# Subtest: falls back to the bare registration when entity does not match
ok 177 - falls back to the bare registration when entity does not match
  ---
  duration_ms: 0.146607
  type: 'test'
  ...
# Subtest: unknown intent returns null
ok 178 - unknown intent returns null
  ---
  duration_ms: 0.12668
  type: 'test'
  ...
# Subtest: launch-by-skill-entity: routes when grammar emits skill but no manifest intent
ok 179 - launch-by-skill-entity: routes when grammar emits skill but no manifest intent
  ---
  duration_ms: 0.137219
  type: 'test'
  ...
# Subtest: launch-by-skill-entity ignores an unknown skill id
ok 180 - launch-by-skill-entity ignores an unknown skill id
  ---
  duration_ms: 0.133292
  type: 'test'
  ...
# Subtest: CLIENT_ASR: full pipeline robot -> gateway -> nlu -> answer-skill
ok 181 - CLIENT_ASR: full pipeline robot -> gateway -> nlu -> answer-skill
  ---
  duration_ms: 482.491134
  type: 'test'
  ...
# Subtest: CLIENT_NLU: skips ASR + parser, routes directly
ok 182 - CLIENT_NLU: skips ASR + parser, routes directly
  ---
  duration_ms: 10.396368
  type: 'test'
  ...
# Subtest: no NLU match -> final LISTEN with match:null, no skill call
ok 183 - no NLU match -> final LISTEN with match:null, no skill call
  ---
  duration_ms: 59.399216
  type: 'test'
  ...
# Subtest: bad JWT is rejected at the upgrade (HTTP 401, no socket)
ok 184 - bad JWT is rejected at the upgrade (HTTP 401, no socket)
  ---
  duration_ms: 2.70257
  type: 'test'
  ...
# Subtest: packages/gateway/test/listen.e2e.test.js
not ok 27 - packages/gateway/test/listen.e2e.test.js
  ---
  duration_ms: 189991.612536
  type: 'test'
  location: '/home/shell/work/phoenix/.parity/worktrees/c03-registry-root/packages/gateway/test/listen.e2e.test.js:1:1'
  failureType: 'testCodeFailure'
  exitCode: ~
  signal: 'SIGTERM'
  error: 'test failed'
  code: 'ERR_TEST_FAILURE'
  ...
# Subtest: CONTEXT defaults come from authenticated identity and loop names are trimmed
ok 186 - CONTEXT defaults come from authenticated identity and loop names are trimmed
  ---
  duration_ms: 1.221344
  type: 'test'
  ...
# Subtest: CONTEXT general overrides are preserved before identity validation
ok 187 - CONTEXT general overrides are preserved before identity validation
  ---
  duration_ms: 0.2267
  type: 'test'
  ...
# Subtest: CONTEXT rejects conflicting and explicitly missing identity fields
ok 188 - CONTEXT rejects conflicting and explicitly missing identity fields
  ---
  duration_ms: 0.465563
  type: 'test'
  ...
# Subtest: malformed CONTEXTs preserve source property and iteration errors
ok 189 - malformed CONTEXTs preserve source property and iteration errors
  ---
  duration_ms: 0.469389
  type: 'test'
  ...
# Subtest: disabled-auth CONTEXT does not invent an anonymous identity
ok 190 - disabled-auth CONTEXT does not invent an anonymous identity
  ---
  duration_ms: 0.301191
  type: 'test'
  ...
# Subtest: validateContextMessage keeps the source minimal checks
ok 191 - validateContextMessage keeps the source minimal checks
  ---
  duration_ms: 0.252369
  type: 'test'
  ...
# Subtest: registry, config and real HTTP boundary match pinned original Node 8 execution
ok 192 - registry, config and real HTTP boundary match pinned original Node 8 execution
  ---
  duration_ms: 265.694893
  type: 'test'
  ...
# Subtest: shared skill host is an explicit deployment profile and supplied env is authoritative
ok 193 - shared skill host is an explicit deployment profile and supplied env is authoritative
  ---
  duration_ms: 28.277869
  type: 'test'
  ...
# Subtest: startup rejects invalid configuration instead of silently dropping skills or substituting a fallback
ok 194 - startup rejects invalid configuration instead of silently dropping skills or substituting a fallback
  ---
  duration_ms: 654.707257
  type: 'test'
  ...
# Subtest: all three frozen corpora retain their original occurrence and conditional denominators
ok 195 - all three frozen corpora retain their original occurrence and conditional denominators
  ---
  duration_ms: 184.436928
  type: 'test'
  ...
# Subtest: missing intent is an absent expectation, including the archived hub-client MIM cases
ok 196 - missing intent is an absent expectation, including the archived hub-client MIM cases
  ---
  duration_ms: 70.629434
  type: 'test'
  ...
# Subtest: duplicate commands and conditional values remain independent fixture instances
ok 197 - duplicate commands and conditional values remain independent fixture instances
  ---
  duration_ms: 0.405448
  type: 'test'
  ...
# Subtest: changed corpus bytes and invalid input shapes cannot enter a grade silently
ok 198 - changed corpus bytes and invalid input shapes cannot enter a grade silently
  ---
  duration_ms: 0.7492
  type: 'test'
  ...
# Subtest: normalization preserves complete sessions, identifiers and timing fields
ok 199 - normalization preserves complete sessions, identifiers and timing fields
  ---
  duration_ms: 1.211886
  type: 'test'
  ...
# Subtest: stream comparison does not silently erase identifiers and timestamps
ok 200 - stream comparison does not silently erase identifiers and timestamps
  ---
  duration_ms: 0.518162
  type: 'test'
  ...
# Subtest: D1 catches a wrong message-type sequence
ok 201 - D1 catches a wrong message-type sequence
  ---
  duration_ms: 0.278027
  type: 'test'
  ...
# Subtest: D2 catches a payload divergence (different intent)
ok 202 - D2 catches a payload divergence (different intent)
  ---
  duration_ms: 0.166115
  type: 'test'
  ...
# Subtest: stream comparison preserves port numbers unless a trace policy explicitly binds an endpoint
ok 203 - stream comparison preserves port numbers unless a trace policy explicitly binds an endpoint
  ---
  duration_ms: 0.199849
  type: 'test'
  ...
# Subtest: JSON object key order is insignificant; missing fields are significant
ok 204 - JSON object key order is insignificant; missing fields are significant
  ---
  duration_ms: 0.196413
  type: 'test'
  ...
# Subtest: original execution fixture is intact and satisfies independent invariants
ok 205 - original execution fixture is intact and satisfies independent invariants
  ---
  duration_ms: 28.601644
  type: 'test'
  ...
# Subtest: gate rejects HTTP status
ok 206 - gate rejects HTTP status
  ---
  duration_ms: 24.034679
  type: 'test'
  ...
# Subtest: gate rejects content type
ok 207 - gate rejects content type
  ---
  duration_ms: 25.146746
  type: 'test'
  ...
# Subtest: gate rejects HTTP clock
ok 208 - gate rejects HTTP clock
  ---
  duration_ms: 19.925203
  type: 'test'
  ...
# Subtest: gate rejects null versus empty object
ok 209 - gate rejects null versus empty object
  ---
  duration_ms: 19.112803
  type: 'test'
  ...
# Subtest: gate rejects field absence
ok 210 - gate rejects field absence
  ---
  duration_ms: 24.616772
  type: 'test'
  ...
# Subtest: gate rejects intent
ok 211 - gate rejects intent
  ---
  duration_ms: 16.678931
  type: 'test'
  ...
# Subtest: gate rejects entities
ok 212 - gate rejects entities
  ---
  duration_ms: 17.880951
  type: 'test'
  ...
# Subtest: gate rejects winning rules
ok 213 - gate rejects winning rules
  ---
  duration_ms: 18.847881
  type: 'test'
  ...
# Subtest: gate rejects memo
ok 214 - gate rejects memo
  ---
  duration_ms: 19.947476
  type: 'test'
  ...
# Subtest: gate rejects ESML
ok 215 - gate rejects ESML
  ---
  duration_ms: 18.719698
  type: 'test'
  ...
# Subtest: gate rejects JCP
ok 216 - gate rejects JCP
  ---
  duration_ms: 18.310924
  type: 'test'
  ...
# Subtest: gate rejects analytics
ok 217 - gate rejects analytics
  ---
  duration_ms: 21.162627
  type: 'test'
  ...
# Subtest: gate rejects opaque session contents
ok 218 - gate rejects opaque session contents
  ---
  duration_ms: 22.260437
  type: 'test'
  ...
# Subtest: gate rejects continuation forwarding
ok 219 - gate rejects continuation forwarding
  ---
  duration_ms: 16.710362
  type: 'test'
  ...
# Subtest: gate rejects timing sentinel
ok 220 - gate rejects timing sentinel
  ---
  duration_ms: 19.898743
  type: 'test'
  ...
# Subtest: gate rejects missing timing
ok 221 - gate rejects missing timing
  ---
  duration_ms: 16.522316
  type: 'test'
  ...
# Subtest: gate rejects frame order
ok 222 - gate rejects frame order
  ---
  duration_ms: 19.901578
  type: 'test'
  ...
# Subtest: gate rejects duplicate terminal
ok 223 - gate rejects duplicate terminal
  ---
  duration_ms: 18.016397
  type: 'test'
  ...
# Subtest: gate rejects wall-time bound
ok 224 - gate rejects wall-time bound
  ---
  duration_ms: 20.278913
  type: 'test'
  ...
# Subtest: gate rejects close behavior
ok 225 - gate rejects close behavior
  ---
  duration_ms: 18.693098
  type: 'test'
  ...
# Subtest: gate rejects dropped side effect
ok 226 - gate rejects dropped side effect
  ---
  duration_ms: 18.089215
  type: 'test'
  ...
# Subtest: gate rejects fixture substitution
ok 227 - gate rejects fixture substitution
  ---
  duration_ms: 16.965244
  type: 'test'
  ...
# Subtest: gate rejects case omission
ok 228 - gate rejects case omission
  ---
  duration_ms: 16.53518
  type: 'test'
  ...
# Subtest: generated identifier bindings are bijective even if a reused ID equals the reference literal
ok 229 - generated identifier bindings are bijective even if a reused ID equals the reference literal
  ---
  duration_ms: 16.578592
  type: 'test'
  ...
# Subtest: fresh generated identifiers may differ while relationships remain intact
ok 230 - fresh generated identifiers may differ while relationships remain intact
  ---
  duration_ms: 18.45116
  type: 'test'
  ...
# Subtest: only declared fixture endpoint paths may change ports
ok 231 - only declared fixture endpoint paths may change ports
  ---
  duration_ms: 22.717804
  type: 'test'
  ...
# Subtest: raw bytes and derived ETags are independently checked
ok 232 - raw bytes and derived ETags are independently checked
  ---
  duration_ms: 21.118283
  type: 'test'
  ...
# Subtest: CLI exits nonzero for a corrupted session and retains a diff report
ok 233 - CLI exits nonzero for a corrupted session and retains a diff report
  ---
  duration_ms: 107.036986
  type: 'test'
  ...
# Subtest: clock fixture freezes automatic HTTP dates while preserving explicit headers and suppression
ok 234 - clock fixture freezes automatic HTTP dates while preserving explicit headers and suppression
  ---
  duration_ms: 75.571668
  type: 'test'
  ...
# Subtest: production goldens retain reviewed source hashes and agree across two original runtime captures
ok 235 - production goldens retain reviewed source hashes and agree across two original runtime captures
  ---
  duration_ms: 67.544247
  type: 'test'
  ...
# Subtest: complete report corpus control retains its uncovered external action and cannot become a passing gate
ok 236 - complete report corpus control retains its uncovered external action and cannot become a passing gate
  ---
  duration_ms: 280.909178
  type: 'test'
  ...
# Subtest: complete fixture generation retains all corpus occurrences and conditional variants
ok 237 - complete fixture generation retains all corpus occurrences and conditional variants
  ---
  duration_ms: 230.88738
  type: 'test'
  ...
# Subtest: production grade rejects changed entities, winning rules and null-versus-empty no-match results
ok 238 - production grade rejects changed entities, winning rules and null-versus-empty no-match results
  ---
  duration_ms: 225.573062
  type: 'test'
  ...
# Subtest: production grade rejects incomplete parser requests and changed routing memo types
ok 239 - production grade rejects incomplete parser requests and changed routing memo types
  ---
  duration_ms: 110.434253
  type: 'test'
  ...
# Subtest: production requests use the real builder and retain dialog-reference injection as a compared output
ok 240 - production requests use the real builder and retain dialog-reference injection as a compared output
  ---
  duration_ms: 107.356081
  type: 'test'
  ...
# Subtest: production grade retains action ESML, display IDs, analytics and complete continuation state
ok 241 - production grade retains action ESML, display IDs, analytics and complete continuation state
  ---
  duration_ms: 302.611139
  type: 'test'
  ...
# Subtest: production grade independently rejects incomplete captures, bad bytes, timestamps and generated IDs
ok 242 - production grade independently rejects incomplete captures, bad bytes, timestamps and generated IDs
  ---
  duration_ms: 426.099156
  type: 'test'
  ...
# Subtest: production compare CLI exits zero for the original control and nonzero for a behavioral mismatch
ok 243 - production compare CLI exits zero for the original control and nonzero for a behavioral mismatch
  ---
  duration_ms: 1393.104606
  type: 'test'
  ...
# Subtest: example-skill: full conversation walk over the wire
ok 244 - example-skill: full conversation walk over the wire
  ---
  duration_ms: 47.769841
  type: 'test'
  ...
# Subtest: report-skill: Jetsons speaker -> full report degradation MAN; no speaker -> WhoIsThis
ok 245 - report-skill: Jetsons speaker -> full report degradation MAN; no speaker -> WhoIsThis
  ---
  duration_ms: 29.090369
  type: 'test'
  ...
# Subtest: chitchat-skill: memo-driven MIM over the wire; missing memo is an ERROR envelope
ok 246 - chitchat-skill: memo-driven MIM over the wire; missing memo is an ERROR envelope
  ---
  duration_ms: 20.624287
  type: 'test'
  ...
# Subtest: template-skill: memo gate over the wire
ok 247 - template-skill: memo gate over the wire
  ---
  duration_ms: 10.102982
  type: 'test'
  ...
# Subtest: speaker override fixture: explicit speaker id flows into perception
ok 248 - speaker override fixture: explicit speaker id flows into perception
  ---
  duration_ms: 5.300844
  type: 'test'
  ...
# Subtest: write returns an id and getLatest finds it
ok 249 - write returns an id and getLatest finds it
  ---
  duration_ms: 2.168227
  type: 'test'
  ...
# Subtest: no match returns null (not an error)
ok 250 - no match returns null (not an error)
  ---
  duration_ms: 0.313154
  type: 'test'
  ...
# Subtest: getLatest breaks timestamp ties by insertion order (newest wins)
ok 251 - getLatest breaks timestamp ties by insertion order (newest wins)
  ---
  duration_ms: 0.380191
  type: 'test'
  ...
# Subtest: robotID is required
ok 252 - robotID is required
  ---
  duration_ms: 0.471394
  type: 'test'
  ...
# Subtest: count + personID ($in personIDs) + intent filtering
ok 253 - count + personID ($in personIDs) + intent filtering
  ---
  duration_ms: 0.34312
  type: 'test'
  ...
# Subtest: payload EXACT requires all keys AND exact key count (payloadSize)
ok 254 - payload EXACT requires all keys AND exact key count (payloadSize)
  ---
  duration_ms: 0.431728
  type: 'test'
  ...
# Subtest: payload CONTAINS_ALL matches a subset; NOT_CONTAIN excludes
ok 255 - payload CONTAINS_ALL matches a subset; NOT_CONTAIN excludes
  ---
  duration_ms: 0.349894
  type: 'test'
  ...
# Subtest: field rule NOT + time window
ok 256 - field rule NOT + time window
  ---
  duration_ms: 0.289269
  type: 'test'
  ...
# Subtest: notSessionID excludes the in-progress session
ok 257 - notSessionID excludes the in-progress session
  ---
  duration_ms: 0.375262
  type: 'test'
  ...
# Subtest: saveSkillPayload attaches payload to the matching launch
ok 258 - saveSkillPayload attaches payload to the matching launch
  ---
  duration_ms: 0.497463
  type: 'test'
  ...
# Subtest: speech updates are partial (non-erasing)
ok 259 - speech updates are partial (non-erasing)
  ---
  duration_ms: 0.220228
  type: 'test'
  ...
# Subtest: native character-class optional scope: [me?et]
ok 260 - native character-class optional scope: [me?et]
  ---
  duration_ms: 1.574172
  type: 'test'
  ...
# Subtest: native character-class optional scope: [cat?s]
ok 261 - native character-class optional scope: [cat?s]
  ---
  duration_ms: 0.196142
  type: 'test'
  ...
# Subtest: native character-class optional scope: [ab?cd]
ok 262 - native character-class optional scope: [ab?cd]
  ---
  duration_ms: 0.15287
  type: 'test'
  ...
# Subtest: native character-class optional scope: [ab?cde]
ok 263 - native character-class optional scope: [ab?cde]
  ---
  duration_ms: 0.198736
  type: 'test'
  ...
# Subtest: native character-class optional scope: [ab?(cd)e]
ok 264 - native character-class optional scope: [ab?(cd)e]
  ---
  duration_ms: 0.303034
  type: 'test'
  ...
# Subtest: native character-class optional scope: [ab?(c|d)e]
ok 265 - native character-class optional scope: [ab?(c|d)e]
  ---
  duration_ms: 0.159101
  type: 'test'
  ...
# Subtest: native character-class optional scope: [ab?éd]
ok 266 - native character-class optional scope: [ab?éd]
  ---
  duration_ms: 0.138211
  type: 'test'
  ...
# Subtest: native character-class optional scope: [ab?😀d]
ok 267 - native character-class optional scope: [ab?😀d]
  ---
  duration_ms: 0.172828
  type: 'test'
  ...
# Subtest: eqEquals: members of a set are equal, non-members are not
ok 268 - eqEquals: members of a set are equal, non-members are not
  ---
  duration_ms: 20.597157
  type: 'test'
  ...
# Subtest: fullParse: ASR homophone confusion still parses ("set a timer for too minutes")
ok 269 - fullParse: ASR homophone confusion still parses ("set a timer for too minutes")
  ---
  duration_ms: 612.731715
  type: 'test'
  ...
# Subtest: fullParse: chitchat personality/command intents that used to no-match
ok 270 - fullParse: chitchat personality/command intents that used to no-match
  ---
  duration_ms: 431.788546
  type: 'test'
  ...
# Subtest: fullParse: smart-home routes to @be/hue-control
ok 271 - fullParse: smart-home routes to @be/hue-control
  ---
  duration_ms: 72.384139
  type: 'test'
  ...
# Subtest: fullParse: priority arbitration drops LOW catch-alls for HIGH intents
ok 272 - fullParse: priority arbitration drops LOW catch-alls for HIGH intents
  ---
  duration_ms: 64.142584
  type: 'test'
  ...
# Subtest: full pipeline: new long-tail intents now resolve
ok 273 - full pipeline: new long-tail intents now resolve
  ---
  duration_ms: 124.242436
  type: 'test'
  ...
# Subtest: full pipeline: existing question routing is unchanged (fallback only adds)
ok 274 - full pipeline: existing question routing is unchanged (fallback only adds)
  ---
  duration_ms: 76.378517
  type: 'test'
  ...
# Subtest: fullParse: pure garbage still returns null
ok 275 - fullParse: pure garbage still returns null
  ---
  duration_ms: 53.149404
  type: 'test'
  ...
# Subtest: who-question -> generalWhoQuestions with person entity, launch rule
ok 276 - who-question -> generalWhoQuestions with person entity, launch rule
  ---
  duration_ms: 1.676787
  type: 'test'
  ...
# Subtest: tell me about -> requestTellAboutThing
ok 277 - tell me about -> requestTellAboutThing
  ---
  duration_ms: 0.452358
  type: 'test'
  ...
# Subtest: no match -> reference no-match shape (gotcha \#7)
ok 278 - no match -> reference no-match shape (gotcha \#7)
  ---
  duration_ms: 0.350034
  type: 'test'
  ...
# Subtest: empty input -> no match
ok 279 - empty input -> no match
  ---
  duration_ms: 0.806417
  type: 'test'
  ...
# Subtest: be-skill: "what time is it" -> askForTime + skill=@be/clock
ok 280 - be-skill: "what time is it" -> askForTime + skill=@be/clock
  ---
  duration_ms: 282.882498
  type: 'test'
  ...
# Subtest: be-skill: "open the clock" -> menu + skill=@be/clock
ok 281 - be-skill: "open the clock" -> menu + skill=@be/clock
  ---
  duration_ms: 56.871637
  type: 'test'
  ...
# Subtest: question still routes to answer-skill intents (no be-skill false match)
ok 282 - question still routes to answer-skill intents (no be-skill false match)
  ---
  duration_ms: 97.425045
  type: 'test'
  ...
# Subtest: garbage -> no match
ok 283 - garbage -> no match
  ---
  duration_ms: 77.464003
  type: 'test'
  ...
# Subtest: loads the complete source inventory and the timer named rule
ok 284 - loads the complete source inventory and the timer named rule
  ---
  duration_ms: 224.43251
  type: 'test'
  ...
# Subtest: evaluates only requested rules and keeps local turns out of launch
ok 285 - evaluates only requested rules and keeps local turns out of launch
  ---
  duration_ms: 185.883641
  type: 'test'
  ...
# Subtest: selects a named result across multiple requests and de-duplicates it
ok 286 - selects a named result across multiple requests and de-duplicates it
  ---
  duration_ms: 53.246759
  type: 'test'
  ...
# Subtest: applies loop member detection after the named parse
ok 287 - applies loop member detection after the named parse
  ---
  duration_ms: 259.936691
  type: 'test'
  ...
# Subtest: keeps source priority and punctuation metadata semantic
ok 288 - keeps source priority and punctuation metadata semantic
  ---
  duration_ms: 798.813914
  type: 'test'
  ...
# Subtest: expands optional characters in source person grammar
ok 289 - expands optional characters in source person grammar
  ---
  duration_ms: 307.602356
  type: 'test'
  ...
# Subtest: HTTP parser accepts the complete request data and preserves empty shape
ok 290 - HTTP parser accepts the complete request data and preserves empty shape
  ---
  duration_ms: 51.76951
  type: 'test'
  ...
# Subtest: HTTP parser still rejects malformed text before rule loading
ok 291 - HTTP parser still rejects malformed text before rule loading
  ---
  duration_ms: 2.735133
  type: 'test'
  ...
# Subtest: cmpVersion orders dotted numeric versions
ok 292 - cmpVersion orders dotted numeric versions
  ---
  duration_ms: 20.596716
  type: 'test'
  ...
# Subtest: load skips entries whose package file is missing
ok 293 - load skips entries whose package file is missing
  ---
  duration_ms: 0.225879
  type: 'test'
  ...
# Subtest: load computes real length + sha1 from the file
ok 294 - load computes real length + sha1 from the file
  ---
  duration_ms: 0.169271
  type: 'test'
  ...
# Subtest: listUpdatesFrom: wildcard applies to any lower version
ok 295 - listUpdatesFrom: wildcard applies to any lower version
  ---
  duration_ms: 0.327009
  type: 'test'
  ...
# Subtest: listUpdatesFrom: loop-guard — nothing offered once already at/above target
ok 296 - listUpdatesFrom: loop-guard — nothing offered once already at/above target
  ---
  duration_ms: 0.201902
  type: 'test'
  ...
# Subtest: getUpdateFrom picks the highest toVersion
ok 297 - getUpdateFrom picks the highest toVersion
  ---
  duration_ms: 0.194908
  type: 'test'
  ...
# Subtest: exact fromVersion matches only that version
ok 298 - exact fromVersion matches only that version
  ---
  duration_ms: 0.224004
  type: 'test'
  ...
# Subtest: filter is a prefix of the entry filter; empty request matches all
ok 299 - filter is a prefix of the entry filter; empty request matches all
  ---
  duration_ms: 0.268148
  type: 'test'
  ...
# Subtest: toUpdate echoes the requested fromVersion for "*" entries and builds a download url
ok 300 - toUpdate echoes the requested fromVersion for "*" entries and builds a download url
  ---
  duration_ms: 0.418923
  type: 'test'
  ...
# Subtest: GET /healthcheck
ok 301 - GET /healthcheck
  ---
  duration_ms: 31.419902
  type: 'test'
  ...
# Subtest: ListUpdatesFrom returns the wire array with self-pointing urls
ok 302 - ListUpdatesFrom returns the wire array with self-pointing urls
  ---
  duration_ms: 16.573122
  type: 'test'
  ...
# Subtest: GetUpdateFrom returns the optimal Update object
ok 303 - GetUpdateFrom returns the optimal Update object
  ---
  duration_ms: 4.278967
  type: 'test'
  ...
# Subtest: GetUpdateFrom with no applicable update -> 404 UPDATE_NOT_FOUND
ok 304 - GetUpdateFrom with no applicable update -> 404 UPDATE_NOT_FOUND
  ---
  duration_ms: 5.009773
  type: 'test'
  ...
# Subtest: unknown X-Amz-Target -> 400
ok 305 - unknown X-Amz-Target -> 400
  ---
  duration_ms: 3.912373
  type: 'test'
  ...
# Subtest: GET /ota/package streams the exact bytes with Content-Length
ok 306 - GET /ota/package streams the exact bytes with Content-Length
  ---
  duration_ms: 3.971765
  type: 'test'
  ...
# Subtest: GET /ota/package for unknown id -> 404
ok 307 - GET /ota/package for unknown id -> 404
  ---
  duration_ms: 3.294733
  type: 'test'
  ...
# Subtest: answer-skill returns a wire-valid SKILL_ACTION
ok 308 - answer-skill returns a wire-valid SKILL_ACTION
  ---
  duration_ms: 1.906902
  type: 'test'
  ...
# Subtest: SKILL_ACTION carries a JCP SEQUENCE -> SLIM -> PLAY with esml + mim meta
ok 309 - SKILL_ACTION carries a JCP SEQUENCE -> SLIM -> PLAY with esml + mim meta
  ---
  duration_ms: 0.315628
  type: 'test'
  ...
# Subtest: the session round-trips the question (stateless skill contract)
ok 310 - the session round-trips the question (stateless skill contract)
  ---
  duration_ms: 0.31103
  type: 'test'
  ...
# Subtest: esml escaping escapes entities then strips leftover braces (answer-skill/server.js:188-200)
ok 311 - esml escaping escapes entities then strips leftover braces (answer-skill/server.js:188-200)
  ---
  duration_ms: 0.14823
  type: 'test'
  ...
# Subtest: example-skill: intent walk Node1 -> Node2 -> Node3 -> Done across LISTEN_UPDATEs
ok 312 - example-skill: intent walk Node1 -> Node2 -> Node3 -> Done across LISTEN_UPDATEs
  ---
  duration_ms: 2.110168
  type: 'test'
  ...
# Subtest: example-skill: memo beats intent; proactive memo takes the proactive arm
ok 313 - example-skill: memo beats intent; proactive memo takes the proactive arm
  ---
  duration_ms: 0.396622
  type: 'test'
  ...
# Subtest: example-skill: intent2 goes straight to Node2; unknown intent throws
ok 314 - example-skill: intent2 goes straight to Node2; unknown intent throws
  ---
  duration_ms: 0.714324
  type: 'test'
  ...
# Subtest: template-skill: valid memo plays the template MIM and finishes
ok 315 - template-skill: valid memo plays the template MIM and finishes
  ---
  duration_ms: 2.006561
  type: 'test'
  ...
# Subtest: template-skill: unknown memo throws
ok 316 - template-skill: unknown memo throws
  ---
  duration_ms: 0.322721
  type: 'test'
  ...
# Subtest: GraphManager assigns sequential node IDs
ok 317 - GraphManager assigns sequential node IDs
  ---
  duration_ms: 1.114811
  type: 'test'
  ...
# Subtest: color-skill multi-turn: launch asks (non-final), update replies (final) using the answer
ok 318 - color-skill multi-turn: launch asks (non-final), update replies (final) using the answer
  ---
  duration_ms: 3.427494
  type: 'test'
  ...
# Subtest: createGraphSkill: a no-action node ends the transaction (final, fireAndForget)
ok 319 - createGraphSkill: a no-action node ends the transaction (final, fireAndForget)
  ---
  duration_ms: 0.303806
  type: 'test'
  ...
# Subtest: GraphSkill follows source precondition order and error ownership
ok 320 - GraphSkill follows source precondition order and error ownership
  ---
  duration_ms: 1.942141
  type: 'test'
  ...
# Subtest: GraphSkill mutates source-shaped skill fallbacks before dispatch
ok 321 - GraphSkill mutates source-shaped skill fallbacks before dispatch
  ---
  duration_ms: 1.628104
  type: 'test'
  ...
# Subtest: GraphSkill preserves source debug/warning ordering before dispatch errors
ok 322 - GraphSkill preserves source debug/warning ordering before dispatch errors
  ---
  duration_ms: 0.346055
  type: 'test'
  ...
# Subtest: GraphSkill launch and proactive launch preserve truthy sessions for the source guard
ok 323 - GraphSkill launch and proactive launch preserve truthy sessions for the source guard
  ---
  duration_ms: 0.723341
  type: 'test'
  ...
# Subtest: GraphSkill launch and proactive launch replace only falsy sessions through GraphManager.start
ok 324 - GraphSkill launch and proactive launch replace only falsy sessions through GraphManager.start
  ---
  duration_ms: 2.969467
  type: 'test'
  ...
# Subtest: GraphManager matches source session and transition preconditions
ok 325 - GraphManager matches source session and transition preconditions
  ---
  duration_ms: 1.386147
  type: 'test'
  ...
# Subtest: report: requestNews -> news subskill only; ServiceDown when lasso is unreachable
ok 326 - report: requestNews -> news subskill only; ServiceDown when lasso is unreachable
  ---
  duration_ms: 6.366894
  type: 'test'
  ...
# Subtest: report: requestWeatherPR -> weather subskill only
ok 327 - report: requestWeatherPR -> weather subskill only
  ---
  duration_ms: 2.268469
  type: 'test'
  ...
# Subtest: report: launchPersonalReport without an ID asks WhoIsThis (QN, non-final)
ok 328 - report: launchPersonalReport without an ID asks WhoIsThis (QN, non-final)
  ---
  duration_ms: 1.552973
  type: 'test'
  ...
# Subtest: report: full report for an IDed adult -> SettingsFailed + per-service degradation + outro MAN
ok 329 - report: full report for an IDed adult -> SettingsFailed + per-service degradation + outro MAN
  ---
  duration_ms: 3.804008
  type: 'test'
  ...
# Subtest: report: requestCommute without an ID -> WhoIsThis, then notInLoop -> MustBeLooper
ok 330 - report: requestCommute without an ID -> WhoIsThis, then notInLoop -> MustBeLooper
  ---
  duration_ms: 2.250144
  type: 'test'
  ...
# Subtest: report: requestCalendar from a child -> MustBeAdult
ok 331 - report: requestCalendar from a child -> MustBeAdult
  ---
  duration_ms: 1.081779
  type: 'test'
  ...
# Subtest: report: proactive launch -> opt-in proposal question (VERIFY_ID base MIM)
ok 332 - report: proactive launch -> opt-in proposal question (VERIFY_ID base MIM)
  ---
  duration_ms: 1.684242
  type: 'test'
  ...
# Subtest: chitchat: dance memo plays the real RA_JBO_SpecificDance MIM (raw <anim> ESML)
ok 333 - chitchat: dance memo plays the real RA_JBO_SpecificDance MIM (raw <anim> ESML)
  ---
  duration_ms: 15.158161
  type: 'test'
  ...
# Subtest: chitchat: twerk memo plays the real RA_JBO_Twerk MIM
ok 334 - chitchat: twerk memo plays the real RA_JBO_Twerk MIM
  ---
  duration_ms: 1.523066
  type: 'test'
  ...
# Subtest: chitchat: aprilFools memo plays the real JF_AprilFools MIM
ok 335 - chitchat: aprilFools memo plays the real JF_AprilFools MIM
  ---
  duration_ms: 1.455177
  type: 'test'
  ...
# Subtest: chitchat: emotion-query memo resolves in emotion-responses
ok 336 - chitchat: emotion-query memo resolves in emotion-responses
  ---
  duration_ms: 1.345711
  type: 'test'
  ...
# Subtest: chitchat: semi-specific stem resolves via entity value + category CSV
ok 337 - chitchat: semi-specific stem resolves via entity value + category CSV
  ---
  duration_ms: 1.094614
  type: 'test'
  ...
# Subtest: chitchat: unknown memo MIM falls back to CC_Fallback; missing memo throws (reference)
ok 338 - chitchat: unknown memo MIM falls back to CC_Fallback; missing memo throws (reference)
  ---
  duration_ms: 1.733464
  type: 'test'
  ...
# Subtest: jcp: esmlRaw passes markup through, default escapes it
ok 339 - jcp: esmlRaw passes markup through, default escapes it
  ---
  duration_ms: 0.445434
  type: 'test'
  ...
# Subtest: QNFactory: question -> success carries the NLU result
ok 340 - QNFactory: question -> success carries the NLU result
  ---
  duration_ms: 6.38639
  type: 'test'
  ...
# Subtest: QNFactory: NoMatch escalates by index then exits FinalNoMatch when exhausted
ok 341 - QNFactory: NoMatch escalates by index then exits FinalNoMatch when exhausted
  ---
  duration_ms: 6.749809
  type: 'test'
  ...
# Subtest: QNFactory: NoInput plays the NI prompt
ok 342 - QNFactory: NoInput plays the NI prompt
  ---
  duration_ms: 2.486841
  type: 'test'
  ...
# Subtest: MANFactory: multiple announcement MIMs become one SEQUENCE of SLIMs (final)
ok 343 - MANFactory: multiple announcement MIMs become one SEQUENCE of SLIMs (final)
  ---
  duration_ms: 2.331759
  type: 'test'
  ...
# Subtest: MIMFactory router: announcement MIM takes the AN arm
ok 344 - MIMFactory router: announcement MIM takes the AN arm
  ---
  duration_ms: 1.585012
  type: 'test'
  ...
# Subtest: unifyMims: skill prompts replace base prompts; transform wins when provided
ok 345 - unifyMims: skill prompts replace base prompts; transform wins when provided
  ---
  duration_ms: 0.448059
  type: 'test'
  ...
# Subtest: OptIn: VERIFY_ID proposal uses unified skill prompt + base listen rule
ok 346 - OptIn: VERIFY_ID proposal uses unified skill prompt + base listen rule
  ---
  duration_ms: 2.130107
  type: 'test'
  ...
# Subtest: OptIn: yes -> Accepted -> content action; SKILL_OFFER analytics tracked
ok 347 - OptIn: yes -> Accepted -> content action; SKILL_OFFER analytics tracked
  ---
  duration_ms: 2.010591
  type: 'test'
  ...
# Subtest: OptIn: no -> decline announcement (final) from the base Decline MIM
ok 348 - OptIn: no -> decline announcement (final) from the base Decline MIM
  ---
  duration_ms: 3.306826
  type: 'test'
  ...
# Subtest: OptIn: wrongID -> WrongID MIM -> loopmember recovers identity; SetPresentPerson rides the next JCP
ok 349 - OptIn: wrongID -> WrongID MIM -> loopmember recovers identity; SetPresentPerson rides the next JCP
  ---
  duration_ms: 3.404051
  type: 'test'
  ...
# Subtest: full report: weather change tables + news headlines assemble the mega-MAN
ok 350 - full report: weather change tables + news headlines assemble the mega-MAN
  ---
  duration_ms: 60.644104
  type: 'test'
  ...
# Subtest: single-skill weather request speaks real conditions (Intro + change + temp MIMs)
ok 351 - single-skill weather request speaks real conditions (Intro + change + temp MIMs)
  ---
  duration_ms: 14.900803
  type: 'test'
  ...
# Subtest: S-13 source news parser filters incomplete images and removes the feed header
ok 352 - S-13 source news parser filters incomplete images and removes the feed header
  ---
  duration_ms: 1.962147
  type: 'test'
  ...
# Subtest: S-13 source news view rejects the whole map when one headline is incomplete
ok 353 - S-13 source news view rejects the whole map when one headline is incomplete
  ---
  duration_ms: 0.957975
  type: 'test'
  ...
# Subtest: S-13 source NewsMimLogic propagates an incomplete view failure
ok 354 - S-13 source NewsMimLogic propagates an incomplete view failure
  ---
  duration_ms: 0.574119
  type: 'test'
  ...
# Subtest: commute: light traffic -> DrivePoor + DepartTimeNotNormal (no MinutesLeft at exactly 30)
ok 355 - commute: light traffic -> DrivePoor + DepartTimeNotNormal (no MinutesLeft at exactly 30)
  ---
  duration_ms: 43.538794
  type: 'test'
  ...
# Subtest: commute: heavy traffic + <30 min left -> DriveTerrible + MinutesLeft
ok 356 - commute: heavy traffic + <30 min left -> DriveTerrible + MinutesLeft
  ---
  duration_ms: 13.650184
  type: 'test'
  ...
# Subtest: commute: no traffic -> DriveNormal + DepartTimeNormal
ok 357 - commute: no traffic -> DriveNormal + DepartTimeNormal
  ---
  duration_ms: 12.729819
  type: 'test'
  ...
# Subtest: commute: just missed the departure -> DriveHurry; long missed -> DriveLate; far ahead -> Now
ok 358 - commute: just missed the departure -> DriveHurry; long missed -> DriveLate; far ahead -> Now
  ---
  duration_ms: 20.073443
  type: 'test'
  ...
# Subtest: calendar: two concurrent events today -> Count + SummaryAndTime + ParallelEvent + Outro
ok 359 - calendar: two concurrent events today -> Count + SummaryAndTime + ParallelEvent + Outro
  ---
  duration_ms: 10.75086
  type: 'test'
  ...
# Subtest: calendar: events only tomorrow -> TomorrowOnly + Count + walk
ok 360 - calendar: events only tomorrow -> TomorrowOnly + Count + walk
  ---
  duration_ms: 14.907195
  type: 'test'
  ...
# Subtest: calendar: asked for tomorrow with nothing scheduled -> Nothing
ok 361 - calendar: asked for tomorrow with nothing scheduled -> Nothing
  ---
  duration_ms: 4.327018
  type: 'test'
  ...
# Subtest: calendar: all-day event today reads the fullDay phrasing
ok 362 - calendar: all-day event today reads the fullDay phrasing
  ---
  duration_ms: 5.370396
  type: 'test'
  ...
# Subtest: S-13 source weather vector preserves the Nimbus view contract
ok 363 - S-13 source weather vector preserves the Nimbus view contract
  ---
  duration_ms: 1.625199
  type: 'test'
  ...
# Subtest: S-13 source news vector preserves image geometry and final close behavior
ok 364 - S-13 source news vector preserves image geometry and final close behavior
  ---
  duration_ms: 0.501531
  type: 'test'
  ...
# Subtest: S-13 source commute vectors preserve traffic and departure labels
ok 365 - S-13 source commute vectors preserve traffic and departure labels
  ---
  duration_ms: 0.685719
  type: 'test'
  ...
# Subtest: S-13 source calendar vector preserves icon, labels, and text placement
ok 366 - S-13 source calendar vector preserves icon, labels, and text placement
  ---
  duration_ms: 1.555919
  type: 'test'
  ...
# Subtest: S-13 weather view uses source temperature bands, assets, units, and offsets
ok 367 - S-13 weather view uses source temperature bands, assets, units, and offsets
  ---
  duration_ms: 2.03168
  type: 'test'
  ...
# Subtest: S-13 weather view keeps exact hot/cold threshold boundaries
ok 368 - S-13 weather view keeps exact hot/cold threshold boundaries
  ---
  duration_ms: 1.029991
  type: 'test'
  ...
# Subtest: S-13 news view scales images, labels strange news, and closes the last view
ok 369 - S-13 news view scales images, labels strange news, and closes the last view
  ---
  duration_ms: 0.84922
  type: 'test'
  ...
# Subtest: S-13 news view preserves source errors for empty or incomplete items
ok 370 - S-13 news view preserves source errors for empty or incomplete items
  ---
  duration_ms: 1.116505
  type: 'test'
  ...
# Subtest: S-13 commute view uses source traffic bands and departure labels
ok 371 - S-13 commute view uses source traffic bands and departure labels
  ---
  duration_ms: 1.003241
  type: 'test'
  ...
# Subtest: S-13 calendar view selects source card/icon/time fields and single-skill leaveEmpty
ok 372 - S-13 calendar view selects source card/icon/time fields and single-skill leaveEmpty
  ---
  duration_ms: 1.637002
  type: 'test'
  ...
# Subtest: S-13 calendar view handles full-day, night, default icon, and summary truncation
ok 373 - S-13 calendar view handles full-day, night, default icon, and summary truncation
  ---
  duration_ms: 2.866681
  type: 'test'
  ...
# Subtest: JCP builders keep command IDs distinct from response/session UUIDs
ok 374 - JCP builders keep command IDs distinct from response/session UUIDs
  ---
  duration_ms: 2.117532
  type: 'test'
  ...
# Subtest: supplemental Parallel uses the requester default succeedOnFirst field
ok 375 - supplemental Parallel uses the requester default succeedOnFirst field
  ---
  duration_ms: 0.212364
  type: 'test'
  ...
# Subtest: Slimmer preserves null versus omitted auto-rule overrides
ok 376 - Slimmer preserves null versus omitted auto-rule overrides
  ---
  duration_ms: 2.276613
  type: 'test'
  ...
# Subtest: GraphSkill records the framework Skill Entry analytics event on launch
ok 377 - GraphSkill records the framework Skill Entry analytics event on launch
  ---
  duration_ms: 1.010033
  type: 'test'
  ...
# Subtest: JCP command IDs do not change the UUID contract of the response envelope
ok 378 - JCP command IDs do not change the UUID contract of the response envelope
  ---
  duration_ms: 0.373808
  type: 'test'
  ...
# Subtest: S-05 source timezone vectors keep the original local day
ok 379 - S-05 source timezone vectors keep the original local day
  ---
  duration_ms: 2.503523
  type: 'test'
  ...
# Subtest: S-05 source birthday and age vector keeps Node8 values
ok 380 - S-05 source birthday and age vector keeps Node8 values
  ---
  duration_ms: 1.316996
  type: 'test'
  ...
# Subtest: S-05 PromptData uses the runtime offset for date fields and DateTime
ok 381 - S-05 PromptData uses the runtime offset for date fields and DateTime
  ---
  duration_ms: 2.901066
  type: 'test'
  ...
# Subtest: S-05 handles UTC day/month/year boundaries and seasonal windows
ok 382 - S-05 handles UTC day/month/year boundaries and seasonal windows
  ---
  duration_ms: 0.865851
  type: 'test'
  ...
# Subtest: S-05 preserves source loop selection, pronounceable names, typed data and location methods
ok 383 - S-05 preserves source loop selection, pronounceable names, typed data and location methods
  ---
  duration_ms: 0.377645
  type: 'test'
  ...
# Subtest: S-05 keeps the source date/location and loop guards independent
ok 384 - S-05 keeps the source date/location and loop guards independent
  ---
  duration_ms: 0.873224
  type: 'test'
  ...
# Subtest: S-05 rejects invalid runtime DateTime inputs while retaining the source loop offset
ok 385 - S-05 rejects invalid runtime DateTime inputs while retaining the source loop offset
  ---
  duration_ms: 0.586963
  type: 'test'
  ...
# Subtest: S-05 preserves source partial loop state and last duplicate match
ok 386 - S-05 preserves source partial loop state and last duplicate match
  ---
  duration_ms: 0.368708
  type: 'test'
  ...
# Subtest: S-05 exposes source long periods and permissive range parsing
ok 387 - S-05 exposes source long periods and permissive range parsing
  ---
  duration_ms: 0.648048
  type: 'test'
  ...
# Subtest: S-05 leaves standard data empty when location is absent
ok 388 - S-05 leaves standard data empty when location is absent
  ---
  duration_ms: 0.139635
  type: 'test'
  ...
# Subtest: S-05 leaves empty and incomplete runtimes at source defaults
ok 389 - S-05 leaves empty and incomplete runtimes at source defaults
  ---
  duration_ms: 0.424354
  type: 'test'
  ...
# Subtest: skillRoute forwards arbitrary object bodies to the handler
ok 390 - skillRoute forwards arbitrary object bodies to the handler
  ---
  duration_ms: 1.576507
  type: 'test'
  ...
# Subtest: real graph, chitchat, and report handlers retain their own boundary errors
ok 391 - real graph, chitchat, and report handlers retain their own boundary errors
  ---
  duration_ms: 1.247574
  type: 'test'
  ...
# Subtest: HTTP service forwards object bodies while common JSON parsing rejects primitives
ok 392 - HTTP service forwards object bodies while common JSON parsing rejects primitives
  ---
  duration_ms: 39.87909
  type: 'test'
  ...
# Subtest: skillRoute measures awaited handler time and overwrites handler timings
ok 393 - skillRoute measures awaited handler time and overwrites handler timings
  ---
  duration_ms: 8.895936
  type: 'test'
  ...
# Subtest: skillRoute preserves source error envelope without success timings
ok 394 - skillRoute preserves source error envelope without success timings
  ---
  duration_ms: 1.281789
  type: 'test'
  ...
# Subtest: skillRoute uses source error message conversion for strings and objects
ok 395 - skillRoute uses source error message conversion for strings and objects
  ---
  duration_ms: 0.27985
  type: 'test'
  ...
# Subtest: result assignment uses the frozen Node 8 wrapper error wording
ok 396 - result assignment uses the frozen Node 8 wrapper error wording
  ---
  duration_ms: 0.534392
  type: 'test'
  ...
# Subtest: createSkillService matches the normalized source status/body matrix
ok 397 - createSkillService matches the normalized source status/body matrix
  ---
  duration_ms: 52.48232
  type: 'test'
  ...
# Subtest: weightedSample is deterministic with an injected rng
ok 398 - weightedSample is deterministic with an injected rng
  ---
  duration_ms: 0.824041
  type: 'test'
  ...
# Subtest: condition filtering: named prompt excluded when no speaker, included with one
ok 399 - condition filtering: named prompt excluded when no speaker, included with one
  ---
  duration_ms: 3.361359
  type: 'test'
  ...
# Subtest: Errors index selects the matching NoMatch prompt
ok 400 - Errors index selects the matching NoMatch prompt
  ---
  duration_ms: 1.216174
  type: 'test'
  ...
# Subtest: exhausted NoMatch index returns null and sets noMatchMax
ok 401 - exhausted NoMatch index returns null and sets noMatchMax
  ---
  duration_ms: 0.525535
  type: 'test'
  ...
# Subtest: play.meta carries prompt_id + mim_id
ok 402 - play.meta carries prompt_id + mim_id
  ---
  duration_ms: 0.749319
  type: 'test'
  ...
# Subtest: coverage discovery ignores comments and strings while retaining nested suites, skips and pending tests
ok 403 - coverage discovery ignores comments and strings while retaining nested suites, skips and pending tests
  ---
  duration_ms: 127.236941
  type: 'test'
  ...
# Subtest: coverage discovery distinguishes loop/factory declarations from fixed registrations
ok 404 - coverage discovery distinguishes loop/factory declarations from fixed registrations
  ---
  duration_ms: 118.406099
  type: 'test'
  ...
# Subtest: source registrations and wire contracts retain their source locations without counting production calls as tests
ok 405 - source registrations and wire contracts retain their source locations without counting production calls as tests
  ---
  duration_ms: 114.53341
  type: 'test'
  ...
# Subtest: unparseable source returns diagnostics and fails instead of silently disappearing from the denominator
ok 406 - unparseable source returns diagnostics and fails instead of silently disappearing from the denominator
  ---
  duration_ms: 116.477194
  type: 'test'
  ...
# Subtest: incremental JSON is byte-equivalent for bounded values and preserves omission/null semantics
ok 407 - incremental JSON is byte-equivalent for bounded values and preserves omission/null semantics
  ---
  duration_ms: 6.380699
  type: 'test'
  ...
# Subtest: plain and gzip capture round trips preserve the same JSON bytes
ok 408 - plain and gzip capture round trips preserve the same JSON bytes
  ---
  duration_ms: 744.566268
  type: 'test'
  ...
# Subtest: backpressure is awaited and sink failures reject the capture
ok 409 - backpressure is awaited and sink failures reject the capture
  ---
  duration_ms: 25.10667
  type: 'test'
  ...
# Subtest: close before finish rejects promptly and removes the pending drain listener
ok 410 - close before finish rejects promptly and removes the pending drain listener
  ---
  duration_ms: 0.863055
  type: 'test'
  ...
# Subtest: an already-destroyed stream rejects without waiting for an event
ok 411 - an already-destroyed stream rejects without waiting for an event
  ---
  duration_ms: 0.316079
  type: 'test'
  ...
# Subtest: asynchronous silent destruction settles a backpressured capture
ok 412 - asynchronous silent destruction settles a backpressured capture
  ---
  duration_ms: 25.722588
  type: 'test'
  ...
# Subtest: Unicode at chunk boundaries remains byte-equivalent to JSON.stringify
ok 413 - Unicode at chunk boundaries remains byte-equivalent to JSON.stringify
  ---
  duration_ms: 6.259811
  type: 'test'
  ...
# Subtest: driver run awaits the capture writer before resolving
ok 414 - driver run awaits the capture writer before resolving
  ---
  duration_ms: 13.278579
  type: 'test'
  ...
# Subtest: fixture RNG controls separate MIM VM contexts without replacing Math or consuming the service stream
ok 415 - fixture RNG controls separate MIM VM contexts without replacing Math or consuming the service stream
  ---
  duration_ms: 37.917823
  type: 'test'
  ...
# Subtest: completion counts verified tasks and excludes submitted or accepted candidates
ok 416 - completion counts verified tasks and excludes submitted or accepted candidates
  ---
  duration_ms: 2.270162
  type: 'test'
  ...
# Subtest: README refresh preserves surrounding content and rejects ambiguous markers
ok 417 - README refresh preserves surrounding content and rejects ambiguous markers
  ---
  duration_ms: 0.445034
  type: 'test'
  ...
# Subtest: real pre-commit hook uses staged tasks and preserves unstaged README and ledger edits
ok 418 - real pre-commit hook uses staged tasks and preserves unstaged README and ledger edits
  ---
  duration_ms: 4606.368482
  type: 'test'
  ...
1..418
# tests 418
# suites 0
# pass 417
# fail 1
# cancelled 0
# skipped 0
# todo 0
# duration_ms 201868.950915
