TAP version 13
# Subtest: CLIENT_ASR: full pipeline robot -> gateway -> nlu -> answer-skill
ok 1 - CLIENT_ASR: full pipeline robot -> gateway -> nlu -> answer-skill
  ---
  duration_ms: 439.026694
  type: 'test'
  ...
# Subtest: CLIENT_NLU: skips ASR + parser, routes directly
ok 2 - CLIENT_NLU: skips ASR + parser, routes directly
  ---
  duration_ms: 14.892568
  type: 'test'
  ...
# Subtest: no NLU match -> final LISTEN with match:null, no skill call
ok 3 - no NLU match -> final LISTEN with match:null, no skill call
  ---
  duration_ms: 54.201922
  type: 'test'
  ...
# Subtest: bad JWT is rejected at the upgrade (HTTP 401, no socket)
ok 4 - bad JWT is rejected at the upgrade (HTTP 401, no socket)
  ---
  duration_ms: 2.519233
  type: 'test'
  ...
1..4
# tests 4
# suites 0
# pass 4
# fail 0
# cancelled 0
# skipped 0
# todo 0
# duration_ms 668.030337
