TAP version 13
# Subtest: registry, config and real HTTP boundary match pinned original Node 8 execution
ok 1 - registry, config and real HTTP boundary match pinned original Node 8 execution
  ---
  duration_ms: 958.446283
  type: 'test'
  ...
# Subtest: shared skill host is an explicit deployment profile and supplied env is authoritative
ok 2 - shared skill host is an explicit deployment profile and supplied env is authoritative
  ---
  duration_ms: 39.533524
  type: 'test'
  ...
# Subtest: startup rejects invalid configuration instead of silently dropping skills or substituting a fallback
ok 3 - startup rejects invalid configuration instead of silently dropping skills or substituting a fallback
  ---
  duration_ms: 253.297719
  type: 'test'
  ...
1..3
# tests 3
# suites 0
# pass 3
# fail 0
# cancelled 0
# skipped 0
# todo 0
# duration_ms 1419.462813
